2025-09-02 10:16:28 [Rank 2][main] Model initialized on CPU, model info: TinyModel(
  (layer1): Linear(in_features=10, out_features=10, bias=False)
  (layer2): Linear(in_features=10, out_features=10, bias=False)
)
2025-09-02 10:16:28 [Rank 2][main] <named> >> layer1.weight, <param> >>
 Parameter containing:
tensor([[-0.2213, -0.2184, -0.2635, -0.1573,  0.2012,  0.3082,  0.2474, -0.0228,
         -0.2910,  0.1367],
        [ 0.1874, -0.1143,  0.0157, -0.1608, -0.2460,  0.2466,  0.1049,  0.2373,
          0.2169, -0.2944],
        [-0.2393, -0.3036,  0.2937,  0.2674, -0.2291,  0.2911,  0.0788, -0.0356,
         -0.0034, -0.2730],
        [-0.0155,  0.1214, -0.1061, -0.0551, -0.1518,  0.0574,  0.0057, -0.0057,
          0.1221, -0.0534],
        [-0.2296, -0.2908,  0.2012,  0.1463,  0.3015, -0.0352, -0.1879, -0.2284,
         -0.1267,  0.0188],
        [ 0.2355,  0.1863,  0.0938,  0.0424,  0.2959,  0.1321,  0.1467,  0.1985,
          0.0168, -0.1721],
        [-0.0053, -0.0141,  0.1317, -0.1567, -0.0357, -0.3017, -0.2575,  0.0940,
          0.1740,  0.1161],
        [ 0.1481, -0.2113, -0.2180,  0.0746,  0.2124, -0.0378, -0.0093,  0.0670,
         -0.2271, -0.0077],
        [-0.0317,  0.1123, -0.0750, -0.3130, -0.0553, -0.2090, -0.2775, -0.1110,
          0.0320, -0.2698],
        [-0.1158,  0.1524, -0.2340, -0.2248,  0.0315,  0.0029, -0.1037, -0.2159,
          0.1634,  0.0974]], requires_grad=True),
 <param_shape> >> torch.Size([10, 10]), 
2025-09-02 10:16:28 [Rank 2][main] <named> >> layer2.weight, <param> >>
 Parameter containing:
tensor([[-0.1826,  0.1269,  0.1991,  0.3016, -0.0647, -0.1855,  0.1301, -0.0479,
         -0.1981, -0.0929],
        [-0.0233, -0.2387,  0.1685, -0.0255, -0.2120, -0.2004,  0.1869,  0.0837,
         -0.0373, -0.2872],
        [-0.1771,  0.1296, -0.1886, -0.2452,  0.2206,  0.0530,  0.3129,  0.1217,
          0.1314, -0.3123],
        [ 0.1338,  0.0930, -0.1490, -0.2087,  0.0497, -0.2495,  0.2258, -0.2210,
         -0.1099,  0.0799],
        [ 0.2033,  0.2364, -0.0841,  0.2300, -0.2107,  0.1298,  0.2864, -0.2521,
          0.2990,  0.0813],
        [ 0.0037, -0.0381,  0.3069,  0.2729,  0.1688, -0.2951, -0.2449,  0.0558,
         -0.1172,  0.2911],
        [-0.0598, -0.1607, -0.2542,  0.0663,  0.1637, -0.1448, -0.2825, -0.2513,
         -0.2101, -0.1405],
        [ 0.2955,  0.1949,  0.0845,  0.0994, -0.2931,  0.1219,  0.2374,  0.0007,
          0.2670,  0.3079],
        [ 0.0018,  0.1949, -0.0521,  0.1661, -0.2433,  0.0977,  0.1624,  0.2011,
         -0.0543,  0.1823],
        [-0.1816,  0.1272, -0.1735,  0.2420,  0.1208,  0.1205, -0.0462,  0.0714,
          0.0767, -0.3067]], requires_grad=True),
 <param_shape> >> torch.Size([10, 10]), 
2025-09-02 10:16:29 [Rank 2][main] Model sharded on CUDA, model info: FSDPTinyModel(
  (layer1): FSDPLinear(in_features=10, out_features=10, bias=False)
  (layer2): FSDPLinear(in_features=10, out_features=10, bias=False)
)
2025-09-02 10:16:30 [Rank 2][main] <named> >> layer1.weight, <param> >>
 DTensor(local_tensor=tensor([[-0.0053, -0.0141,  0.1317, -0.1567, -0.0357, -0.3017, -0.2575,  0.0940,
          0.1740,  0.1161],
        [ 0.1481, -0.2113, -0.2180,  0.0746,  0.2124, -0.0378, -0.0093,  0.0670,
         -0.2271, -0.0077],
        [-0.0317,  0.1123, -0.0750, -0.3130, -0.0553, -0.2090, -0.2775, -0.1110,
          0.0320, -0.2698]], device='cuda:2'), device_mesh=DeviceMesh('cuda', [0, 1, 2, 3]), placements=(Shard(dim=0),)),
 <param_shape> >> torch.Size([10, 10]), <local_shape> >> torch.Size([3, 10]), <placements> >> (Shard(dim=0),)
2025-09-02 10:16:30 [Rank 2][main] <named> >> layer2.weight, <param> >>
 DTensor(local_tensor=tensor([[-0.0598, -0.1607, -0.2542,  0.0663,  0.1637, -0.1448, -0.2825, -0.2513,
         -0.2101, -0.1405],
        [ 0.2955,  0.1949,  0.0845,  0.0994, -0.2931,  0.1219,  0.2374,  0.0007,
          0.2670,  0.3079],
        [ 0.0018,  0.1949, -0.0521,  0.1661, -0.2433,  0.0977,  0.1624,  0.2011,
         -0.0543,  0.1823]], device='cuda:2'), device_mesh=DeviceMesh('cuda', [0, 1, 2, 3]), placements=(Shard(dim=0),)),
 <param_shape> >> torch.Size([10, 10]), <local_shape> >> torch.Size([3, 10]), <placements> >> (Shard(dim=0),)
2025-09-02 10:16:30 [Rank 2][get_offloaded_param] Offloading model parameters..., model info: FSDPTinyModel(
  (layer1): FSDPLinear(in_features=10, out_features=10, bias=False)
  (layer2): FSDPLinear(in_features=10, out_features=10, bias=False)
)
2025-09-02 10:16:30 [Rank 2][get_offloaded_param] <named> >> layer1.weight, <param> >>
 DTensor(local_tensor=tensor([[-0.0053, -0.0141,  0.1317, -0.1567, -0.0357, -0.3017, -0.2575,  0.0940,
          0.1740,  0.1161],
        [ 0.1481, -0.2113, -0.2180,  0.0746,  0.2124, -0.0378, -0.0093,  0.0670,
         -0.2271, -0.0077],
        [-0.0317,  0.1123, -0.0750, -0.3130, -0.0553, -0.2090, -0.2775, -0.1110,
          0.0320, -0.2698]], device='cuda:2'), device_mesh=DeviceMesh('cuda', [0, 1, 2, 3]), placements=(Shard(dim=0),)),
 <local_shape> >> torch.Size([3, 10]), <placements> >> (Shard(dim=0),)
2025-09-02 10:16:30 [Rank 2][get_offloaded_param] <named> >> layer2.weight, <param> >>
 DTensor(local_tensor=tensor([[-0.0598, -0.1607, -0.2542,  0.0663,  0.1637, -0.1448, -0.2825, -0.2513,
         -0.2101, -0.1405],
        [ 0.2955,  0.1949,  0.0845,  0.0994, -0.2931,  0.1219,  0.2374,  0.0007,
          0.2670,  0.3079],
        [ 0.0018,  0.1949, -0.0521,  0.1661, -0.2433,  0.0977,  0.1624,  0.2011,
         -0.0543,  0.1823]], device='cuda:2'), device_mesh=DeviceMesh('cuda', [0, 1, 2, 3]), placements=(Shard(dim=0),)),
 <local_shape> >> torch.Size([3, 10]), <placements> >> (Shard(dim=0),)
2025-09-02 10:16:30 [Rank 2][get_offloaded_param] Model param items: [('layer1.weight', DTensor(local_tensor=tensor([[-0.0053, -0.0141,  0.1317, -0.1567, -0.0357, -0.3017, -0.2575,  0.0940,
          0.1740,  0.1161],
        [ 0.1481, -0.2113, -0.2180,  0.0746,  0.2124, -0.0378, -0.0093,  0.0670,
         -0.2271, -0.0077],
        [-0.0317,  0.1123, -0.0750, -0.3130, -0.0553, -0.2090, -0.2775, -0.1110,
          0.0320, -0.2698]], device='cuda:2'), device_mesh=DeviceMesh('cuda', [0, 1, 2, 3]), placements=(Shard(dim=0),))), ('layer2.weight', DTensor(local_tensor=tensor([[-0.0598, -0.1607, -0.2542,  0.0663,  0.1637, -0.1448, -0.2825, -0.2513,
         -0.2101, -0.1405],
        [ 0.2955,  0.1949,  0.0845,  0.0994, -0.2931,  0.1219,  0.2374,  0.0007,
          0.2670,  0.3079],
        [ 0.0018,  0.1949, -0.0521,  0.1661, -0.2433,  0.0977,  0.1624,  0.2011,
         -0.0543,  0.1823]], device='cuda:2'), device_mesh=DeviceMesh('cuda', [0, 1, 2, 3]), placements=(Shard(dim=0),)))]
2025-09-02 10:16:30 [Rank 2][get_offloaded_param] <named> >> layer1.weight, <param> >>
 DTensor(local_tensor=tensor([[-0.0053, -0.0141,  0.1317, -0.1567, -0.0357, -0.3017, -0.2575,  0.0940,
          0.1740,  0.1161],
        [ 0.1481, -0.2113, -0.2180,  0.0746,  0.2124, -0.0378, -0.0093,  0.0670,
         -0.2271, -0.0077],
        [-0.0317,  0.1123, -0.0750, -0.3130, -0.0553, -0.2090, -0.2775, -0.1110,
          0.0320, -0.2698]], device='cuda:2'), device_mesh=DeviceMesh('cuda', [0, 1, 2, 3]), placements=(Shard(dim=0),)),
 <param_shape> >> torch.Size([10, 10]), <local_shape> >> torch.Size([3, 10]), <placements> >> (Shard(dim=0),), <target_shape> >> torch.Size([3, 10]), copy 30 elements from GPU → CPU at offset 0
2025-09-02 10:16:30 [Rank 2][get_offloaded_param] <named> >> layer2.weight, <param> >>
 DTensor(local_tensor=tensor([[-0.0598, -0.1607, -0.2542,  0.0663,  0.1637, -0.1448, -0.2825, -0.2513,
         -0.2101, -0.1405],
        [ 0.2955,  0.1949,  0.0845,  0.0994, -0.2931,  0.1219,  0.2374,  0.0007,
          0.2670,  0.3079],
        [ 0.0018,  0.1949, -0.0521,  0.1661, -0.2433,  0.0977,  0.1624,  0.2011,
         -0.0543,  0.1823]], device='cuda:2'), device_mesh=DeviceMesh('cuda', [0, 1, 2, 3]), placements=(Shard(dim=0),)),
 <param_shape> >> torch.Size([10, 10]), <local_shape> >> torch.Size([3, 10]), <placements> >> (Shard(dim=0),), <target_shape> >> torch.Size([3, 10]), copy 30 elements from GPU → CPU at offset 30
2025-09-02 10:16:30 [Rank 2][get_offloaded_param] Offloaded params: [DTensor(local_tensor=tensor([[-0.0053, -0.0141,  0.1317, -0.1567, -0.0357, -0.3017, -0.2575,  0.0940,
          0.1740,  0.1161],
        [ 0.1481, -0.2113, -0.2180,  0.0746,  0.2124, -0.0378, -0.0093,  0.0670,
         -0.2271, -0.0077],
        [-0.0317,  0.1123, -0.0750, -0.3130, -0.0553, -0.2090, -0.2775, -0.1110,
          0.0320, -0.2698]]), device_mesh=DeviceMesh('cpu', [0, 1, 2, 3]), placements=(Shard(dim=0),)), DTensor(local_tensor=tensor([[-0.0598, -0.1607, -0.2542,  0.0663,  0.1637, -0.1448, -0.2825, -0.2513,
         -0.2101, -0.1405],
        [ 0.2955,  0.1949,  0.0845,  0.0994, -0.2931,  0.1219,  0.2374,  0.0007,
          0.2670,  0.3079],
        [ 0.0018,  0.1949, -0.0521,  0.1661, -0.2433,  0.0977,  0.1624,  0.2011,
         -0.0543,  0.1823]]), device_mesh=DeviceMesh('cpu', [0, 1, 2, 3]), placements=(Shard(dim=0),))]
2025-09-02 10:16:30 [Rank 2][get_offloaded_param] Param group cutoff: [0, 30, 60]
2025-09-02 10:16:30 [Rank 2][get_offloaded_param] Offloaded grad grouped tensor: [tensor([0., 0., 0., 0., 0., 0., 0., 0., 0., 0., 0., 0., 0., 0., 0., 0., 0., 0., 0., 0., 0., 0., 0., 0.,
        0., 0., 0., 0., 0., 0.]), tensor([0., 0., 0., 0., 0., 0., 0., 0., 0., 0., 0., 0., 0., 0., 0., 0., 0., 0., 0., 0., 0., 0., 0., 0.,
        0., 0., 0., 0., 0., 0.])]
