2025-09-02 10:16:28 [Rank 1][main] Model initialized on CPU, model info: TinyModel(
  (layer1): Linear(in_features=10, out_features=10, bias=False)
  (layer2): Linear(in_features=10, out_features=10, bias=False)
)
2025-09-02 10:16:28 [Rank 1][main] <named> >> layer1.weight, <param> >>
 Parameter containing:
tensor([[ 0.0589, -0.2515,  0.2167, -0.2115, -0.1784, -0.0561, -0.2657, -0.1415,
          0.2220,  0.1460],
        [-0.1367, -0.1319, -0.0010, -0.2424, -0.0964, -0.0316, -0.2188,  0.0716,
         -0.0546,  0.2840],
        [ 0.0561,  0.2016, -0.2298, -0.1748, -0.1007,  0.2965, -0.2376,  0.0177,
         -0.1259, -0.0178],
        [-0.1368, -0.2087,  0.0295,  0.2524, -0.2060,  0.2886, -0.0560, -0.2573,
         -0.1343, -0.1475],
        [-0.2364, -0.0099, -0.2341,  0.2662,  0.0453, -0.0532,  0.0438, -0.2923,
         -0.2198, -0.2556],
        [-0.1451,  0.2272,  0.2579,  0.2736,  0.1767,  0.1292, -0.0716, -0.1895,
         -0.2644,  0.1267],
        [ 0.0421,  0.1040,  0.1482, -0.0686, -0.0162,  0.1920,  0.1873,  0.2859,
         -0.1613,  0.1761],
        [-0.0201, -0.2297, -0.2905,  0.1590, -0.1280, -0.0298, -0.2370, -0.0318,
          0.2264, -0.1584],
        [ 0.1070,  0.1694, -0.0505, -0.2165, -0.1855,  0.1568, -0.2539, -0.1892,
          0.2213,  0.1242],
        [-0.0422, -0.0440, -0.2045, -0.2633,  0.2190, -0.1278, -0.2680, -0.0842,
         -0.2451, -0.0012]], requires_grad=True),
 <param_shape> >> torch.Size([10, 10]), 
2025-09-02 10:16:28 [Rank 1][main] <named> >> layer2.weight, <param> >>
 Parameter containing:
tensor([[ 1.4934e-01,  1.7423e-01, -7.3646e-02, -4.7269e-04,  9.6589e-02,
         -1.7113e-03,  1.9877e-01,  1.7688e-01, -1.1991e-01,  5.6799e-03],
        [ 3.0821e-01, -3.0698e-01,  6.6133e-02, -1.8304e-01,  6.5178e-02,
         -2.7991e-01,  2.6104e-01, -5.2466e-02, -1.6246e-01,  1.0654e-01],
        [-7.8240e-02, -3.2925e-02,  5.8545e-02,  1.2374e-01, -2.7876e-01,
          1.7544e-01, -1.3586e-02, -1.2314e-01, -2.4662e-01,  9.0936e-02],
        [ 2.1767e-01,  2.4561e-01,  2.6946e-04,  2.6504e-01, -1.7290e-01,
         -1.1619e-01, -2.4231e-01, -1.0621e-01, -2.4472e-01,  2.2400e-01],
        [-1.5809e-01,  4.7565e-02,  7.4978e-02,  5.2058e-02,  3.0880e-01,
          2.2719e-01,  2.3470e-01, -2.6565e-01, -1.8071e-01, -3.1442e-01],
        [ 3.1392e-01,  2.6034e-01, -2.3081e-01, -1.9467e-01, -3.1016e-01,
         -2.9766e-01, -8.9604e-02,  1.8508e-01, -4.8125e-02, -3.0555e-01],
        [ 1.0725e-01,  3.0734e-01,  2.3833e-01, -9.3773e-02, -1.7479e-01,
          1.4347e-01, -1.8378e-01,  1.7150e-02,  2.9167e-01, -1.7242e-02],
        [-4.1883e-02,  2.5341e-01,  6.4442e-02, -3.0528e-01,  1.6614e-02,
         -2.0474e-02, -2.3399e-01, -2.8461e-01, -2.0850e-01, -1.8476e-01],
        [-3.2315e-02,  9.9634e-02, -1.2784e-01,  1.7358e-01,  2.6571e-01,
          1.9460e-02, -1.3797e-01, -1.5570e-01,  2.7964e-01,  2.0381e-01],
        [ 2.0972e-01, -9.9352e-02,  4.9488e-02, -1.6430e-01,  2.7508e-01,
          2.4165e-01,  1.6138e-01, -2.3240e-01,  1.3837e-01, -1.2666e-01]],
       requires_grad=True),
 <param_shape> >> torch.Size([10, 10]), 
2025-09-02 10:16:29 [Rank 1][main] Model sharded on CUDA, model info: FSDPTinyModel(
  (layer1): FSDPLinear(in_features=10, out_features=10, bias=False)
  (layer2): FSDPLinear(in_features=10, out_features=10, bias=False)
)
2025-09-02 10:16:30 [Rank 1][main] <named> >> layer1.weight, <param> >>
 DTensor(local_tensor=tensor([[-0.1368, -0.2087,  0.0295,  0.2524, -0.2060,  0.2886, -0.0560, -0.2573,
         -0.1343, -0.1475],
        [-0.2364, -0.0099, -0.2341,  0.2662,  0.0453, -0.0532,  0.0438, -0.2923,
         -0.2198, -0.2556],
        [-0.1451,  0.2272,  0.2579,  0.2736,  0.1767,  0.1292, -0.0716, -0.1895,
         -0.2644,  0.1267]], device='cuda:1'), device_mesh=DeviceMesh('cuda', [0, 1, 2, 3]), placements=(Shard(dim=0),)),
 <param_shape> >> torch.Size([10, 10]), <local_shape> >> torch.Size([3, 10]), <placements> >> (Shard(dim=0),)
2025-09-02 10:16:30 [Rank 1][main] <named> >> layer2.weight, <param> >>
 DTensor(local_tensor=tensor([[ 2.1767e-01,  2.4561e-01,  2.6946e-04,  2.6504e-01, -1.7290e-01,
         -1.1619e-01, -2.4231e-01, -1.0621e-01, -2.4472e-01,  2.2400e-01],
        [-1.5809e-01,  4.7565e-02,  7.4978e-02,  5.2058e-02,  3.0880e-01,
          2.2719e-01,  2.3470e-01, -2.6565e-01, -1.8071e-01, -3.1442e-01],
        [ 3.1392e-01,  2.6034e-01, -2.3081e-01, -1.9467e-01, -3.1016e-01,
         -2.9766e-01, -8.9604e-02,  1.8508e-01, -4.8125e-02, -3.0555e-01]],
       device='cuda:1'), device_mesh=DeviceMesh('cuda', [0, 1, 2, 3]), placements=(Shard(dim=0),)),
 <param_shape> >> torch.Size([10, 10]), <local_shape> >> torch.Size([3, 10]), <placements> >> (Shard(dim=0),)
2025-09-02 10:16:30 [Rank 1][get_offloaded_param] Offloading model parameters..., model info: FSDPTinyModel(
  (layer1): FSDPLinear(in_features=10, out_features=10, bias=False)
  (layer2): FSDPLinear(in_features=10, out_features=10, bias=False)
)
2025-09-02 10:16:30 [Rank 1][get_offloaded_param] <named> >> layer1.weight, <param> >>
 DTensor(local_tensor=tensor([[-0.1368, -0.2087,  0.0295,  0.2524, -0.2060,  0.2886, -0.0560, -0.2573,
         -0.1343, -0.1475],
        [-0.2364, -0.0099, -0.2341,  0.2662,  0.0453, -0.0532,  0.0438, -0.2923,
         -0.2198, -0.2556],
        [-0.1451,  0.2272,  0.2579,  0.2736,  0.1767,  0.1292, -0.0716, -0.1895,
         -0.2644,  0.1267]], device='cuda:1'), device_mesh=DeviceMesh('cuda', [0, 1, 2, 3]), placements=(Shard(dim=0),)),
 <local_shape> >> torch.Size([3, 10]), <placements> >> (Shard(dim=0),)
2025-09-02 10:16:30 [Rank 1][get_offloaded_param] <named> >> layer2.weight, <param> >>
 DTensor(local_tensor=tensor([[ 2.1767e-01,  2.4561e-01,  2.6946e-04,  2.6504e-01, -1.7290e-01,
         -1.1619e-01, -2.4231e-01, -1.0621e-01, -2.4472e-01,  2.2400e-01],
        [-1.5809e-01,  4.7565e-02,  7.4978e-02,  5.2058e-02,  3.0880e-01,
          2.2719e-01,  2.3470e-01, -2.6565e-01, -1.8071e-01, -3.1442e-01],
        [ 3.1392e-01,  2.6034e-01, -2.3081e-01, -1.9467e-01, -3.1016e-01,
         -2.9766e-01, -8.9604e-02,  1.8508e-01, -4.8125e-02, -3.0555e-01]],
       device='cuda:1'), device_mesh=DeviceMesh('cuda', [0, 1, 2, 3]), placements=(Shard(dim=0),)),
 <local_shape> >> torch.Size([3, 10]), <placements> >> (Shard(dim=0),)
2025-09-02 10:16:30 [Rank 1][get_offloaded_param] Model param items: [('layer1.weight', DTensor(local_tensor=tensor([[-0.1368, -0.2087,  0.0295,  0.2524, -0.2060,  0.2886, -0.0560, -0.2573,
         -0.1343, -0.1475],
        [-0.2364, -0.0099, -0.2341,  0.2662,  0.0453, -0.0532,  0.0438, -0.2923,
         -0.2198, -0.2556],
        [-0.1451,  0.2272,  0.2579,  0.2736,  0.1767,  0.1292, -0.0716, -0.1895,
         -0.2644,  0.1267]], device='cuda:1'), device_mesh=DeviceMesh('cuda', [0, 1, 2, 3]), placements=(Shard(dim=0),))), ('layer2.weight', DTensor(local_tensor=tensor([[ 2.1767e-01,  2.4561e-01,  2.6946e-04,  2.6504e-01, -1.7290e-01,
         -1.1619e-01, -2.4231e-01, -1.0621e-01, -2.4472e-01,  2.2400e-01],
        [-1.5809e-01,  4.7565e-02,  7.4978e-02,  5.2058e-02,  3.0880e-01,
          2.2719e-01,  2.3470e-01, -2.6565e-01, -1.8071e-01, -3.1442e-01],
        [ 3.1392e-01,  2.6034e-01, -2.3081e-01, -1.9467e-01, -3.1016e-01,
         -2.9766e-01, -8.9604e-02,  1.8508e-01, -4.8125e-02, -3.0555e-01]],
       device='cuda:1'), device_mesh=DeviceMesh('cuda', [0, 1, 2, 3]), placements=(Shard(dim=0),)))]
2025-09-02 10:16:30 [Rank 1][get_offloaded_param] <named> >> layer1.weight, <param> >>
 DTensor(local_tensor=tensor([[-0.1368, -0.2087,  0.0295,  0.2524, -0.2060,  0.2886, -0.0560, -0.2573,
         -0.1343, -0.1475],
        [-0.2364, -0.0099, -0.2341,  0.2662,  0.0453, -0.0532,  0.0438, -0.2923,
         -0.2198, -0.2556],
        [-0.1451,  0.2272,  0.2579,  0.2736,  0.1767,  0.1292, -0.0716, -0.1895,
         -0.2644,  0.1267]], device='cuda:1'), device_mesh=DeviceMesh('cuda', [0, 1, 2, 3]), placements=(Shard(dim=0),)),
 <param_shape> >> torch.Size([10, 10]), <local_shape> >> torch.Size([3, 10]), <placements> >> (Shard(dim=0),), <target_shape> >> torch.Size([3, 10]), copy 30 elements from GPU → CPU at offset 0
2025-09-02 10:16:30 [Rank 1][get_offloaded_param] <named> >> layer2.weight, <param> >>
 DTensor(local_tensor=tensor([[ 2.1767e-01,  2.4561e-01,  2.6946e-04,  2.6504e-01, -1.7290e-01,
         -1.1619e-01, -2.4231e-01, -1.0621e-01, -2.4472e-01,  2.2400e-01],
        [-1.5809e-01,  4.7565e-02,  7.4978e-02,  5.2058e-02,  3.0880e-01,
          2.2719e-01,  2.3470e-01, -2.6565e-01, -1.8071e-01, -3.1442e-01],
        [ 3.1392e-01,  2.6034e-01, -2.3081e-01, -1.9467e-01, -3.1016e-01,
         -2.9766e-01, -8.9604e-02,  1.8508e-01, -4.8125e-02, -3.0555e-01]],
       device='cuda:1'), device_mesh=DeviceMesh('cuda', [0, 1, 2, 3]), placements=(Shard(dim=0),)),
 <param_shape> >> torch.Size([10, 10]), <local_shape> >> torch.Size([3, 10]), <placements> >> (Shard(dim=0),), <target_shape> >> torch.Size([3, 10]), copy 30 elements from GPU → CPU at offset 30
2025-09-02 10:16:30 [Rank 1][get_offloaded_param] Offloaded params: [DTensor(local_tensor=tensor([[-0.1368, -0.2087,  0.0295,  0.2524, -0.2060,  0.2886, -0.0560, -0.2573,
         -0.1343, -0.1475],
        [-0.2364, -0.0099, -0.2341,  0.2662,  0.0453, -0.0532,  0.0438, -0.2923,
         -0.2198, -0.2556],
        [-0.1451,  0.2272,  0.2579,  0.2736,  0.1767,  0.1292, -0.0716, -0.1895,
         -0.2644,  0.1267]]), device_mesh=DeviceMesh('cpu', [0, 1, 2, 3]), placements=(Shard(dim=0),)), DTensor(local_tensor=tensor([[ 2.1767e-01,  2.4561e-01,  2.6946e-04,  2.6504e-01, -1.7290e-01,
         -1.1619e-01, -2.4231e-01, -1.0621e-01, -2.4472e-01,  2.2400e-01],
        [-1.5809e-01,  4.7565e-02,  7.4978e-02,  5.2058e-02,  3.0880e-01,
          2.2719e-01,  2.3470e-01, -2.6565e-01, -1.8071e-01, -3.1442e-01],
        [ 3.1392e-01,  2.6034e-01, -2.3081e-01, -1.9467e-01, -3.1016e-01,
         -2.9766e-01, -8.9604e-02,  1.8508e-01, -4.8125e-02, -3.0555e-01]]), device_mesh=DeviceMesh('cpu', [0, 1, 2, 3]), placements=(Shard(dim=0),))]
2025-09-02 10:16:30 [Rank 1][get_offloaded_param] Param group cutoff: [0, 30, 60]
2025-09-02 10:16:30 [Rank 1][get_offloaded_param] Offloaded grad grouped tensor: [tensor([0., 0., 0., 0., 0., 0., 0., 0., 0., 0., 0., 0., 0., 0., 0., 0., 0., 0., 0., 0., 0., 0., 0., 0.,
        0., 0., 0., 0., 0., 0.]), tensor([0., 0., 0., 0., 0., 0., 0., 0., 0., 0., 0., 0., 0., 0., 0., 0., 0., 0., 0., 0., 0., 0., 0., 0.,
        0., 0., 0., 0., 0., 0.])]
