2025-09-02 10:16:28 [Rank 0][main] Model initialized on CPU, model info: TinyModel(
  (layer1): Linear(in_features=10, out_features=10, bias=False)
  (layer2): Linear(in_features=10, out_features=10, bias=False)
)
2025-09-02 10:16:28 [Rank 0][main] <named> >> layer1.weight, <param> >>
 Parameter containing:
tensor([[ 0.1169, -0.2355, -0.0648, -0.1834,  0.1401,  0.0346,  0.1628, -0.0098,
          0.2710,  0.1636],
        [ 0.0564,  0.0150, -0.1400,  0.1663,  0.2369,  0.1750,  0.1790,  0.2430,
          0.0156,  0.1633],
        [ 0.0542,  0.0021,  0.2854,  0.1070,  0.1075,  0.2087,  0.0842, -0.2108,
         -0.2775, -0.1419],
        [-0.1495, -0.0082,  0.2379, -0.0107,  0.2655, -0.0151, -0.1315, -0.0016,
         -0.1848, -0.1666],
        [ 0.3116,  0.2156,  0.2643,  0.0787, -0.0236,  0.1868, -0.2686,  0.1525,
          0.2637, -0.0474],
        [ 0.2914, -0.1947,  0.2174,  0.2490, -0.1067,  0.0855,  0.2645,  0.1213,
          0.2139, -0.2255],
        [-0.0441,  0.3044,  0.1514, -0.1548, -0.0859,  0.0865, -0.0414, -0.1711,
          0.2340,  0.1201],
        [ 0.1166, -0.1002, -0.0093, -0.0003,  0.1946, -0.2357,  0.0214,  0.1529,
         -0.2311,  0.2970],
        [ 0.1265,  0.0735,  0.0783,  0.1535, -0.0254,  0.2326,  0.2881,  0.0890,
          0.2441,  0.3138],
        [-0.0825, -0.2481, -0.0564, -0.0940,  0.1388, -0.0173, -0.1681, -0.2306,
          0.1547, -0.0713]], requires_grad=True),
 <param_shape> >> torch.Size([10, 10]), 
2025-09-02 10:16:28 [Rank 0][main] <named> >> layer2.weight, <param> >>
 Parameter containing:
tensor([[-0.2127, -0.1579,  0.0307, -0.1707, -0.0570,  0.1573,  0.0265, -0.2357,
          0.0155,  0.0999],
        [ 0.1367,  0.2245,  0.1336,  0.3159, -0.0865,  0.2643,  0.2227, -0.0844,
          0.2280, -0.0506],
        [ 0.1393, -0.2256,  0.0774, -0.0195, -0.2672, -0.2442, -0.2737,  0.1574,
         -0.2968, -0.0203],
        [-0.0876, -0.1227,  0.1393, -0.1147,  0.0665,  0.2435,  0.2662,  0.0130,
          0.0864, -0.3150],
        [ 0.0139,  0.2308, -0.1219, -0.2152, -0.0448,  0.2951,  0.2055, -0.0174,
         -0.0190, -0.2211],
        [ 0.1049, -0.1135, -0.1185, -0.2488,  0.2911,  0.1188, -0.0370,  0.2423,
         -0.0844,  0.0882],
        [ 0.2013,  0.1737, -0.2669,  0.1309,  0.0644,  0.0611, -0.0369,  0.2580,
          0.2091,  0.2968],
        [-0.1082,  0.0740, -0.1213,  0.1384, -0.1769, -0.2557, -0.1880, -0.2206,
          0.2970,  0.0920],
        [ 0.2814, -0.2438,  0.1194, -0.3006, -0.2731, -0.0408, -0.0331, -0.1844,
         -0.1597, -0.0786],
        [ 0.2082, -0.1375,  0.2027, -0.2558, -0.1857, -0.1185, -0.2750, -0.1532,
          0.1545,  0.1985]], requires_grad=True),
 <param_shape> >> torch.Size([10, 10]), 
2025-09-02 10:16:29 [Rank 0][main] Model sharded on CUDA, model info: FSDPTinyModel(
  (layer1): FSDPLinear(in_features=10, out_features=10, bias=False)
  (layer2): FSDPLinear(in_features=10, out_features=10, bias=False)
)
2025-09-02 10:16:30 [Rank 0][main] <named> >> layer1.weight, <param> >>
 DTensor(local_tensor=tensor([[ 0.1169, -0.2355, -0.0648, -0.1834,  0.1401,  0.0346,  0.1628, -0.0098,
          0.2710,  0.1636],
        [ 0.0564,  0.0150, -0.1400,  0.1663,  0.2369,  0.1750,  0.1790,  0.2430,
          0.0156,  0.1633],
        [ 0.0542,  0.0021,  0.2854,  0.1070,  0.1075,  0.2087,  0.0842, -0.2108,
         -0.2775, -0.1419]], device='cuda:0'), device_mesh=DeviceMesh('cuda', [0, 1, 2, 3]), placements=(Shard(dim=0),)),
 <param_shape> >> torch.Size([10, 10]), <local_shape> >> torch.Size([3, 10]), <placements> >> (Shard(dim=0),)
2025-09-02 10:16:30 [Rank 0][main] <named> >> layer2.weight, <param> >>
 DTensor(local_tensor=tensor([[-0.2127, -0.1579,  0.0307, -0.1707, -0.0570,  0.1573,  0.0265, -0.2357,
          0.0155,  0.0999],
        [ 0.1367,  0.2245,  0.1336,  0.3159, -0.0865,  0.2643,  0.2227, -0.0844,
          0.2280, -0.0506],
        [ 0.1393, -0.2256,  0.0774, -0.0195, -0.2672, -0.2442, -0.2737,  0.1574,
         -0.2968, -0.0203]], device='cuda:0'), device_mesh=DeviceMesh('cuda', [0, 1, 2, 3]), placements=(Shard(dim=0),)),
 <param_shape> >> torch.Size([10, 10]), <local_shape> >> torch.Size([3, 10]), <placements> >> (Shard(dim=0),)
2025-09-02 10:16:30 [Rank 0][get_offloaded_param] Offloading model parameters..., model info: FSDPTinyModel(
  (layer1): FSDPLinear(in_features=10, out_features=10, bias=False)
  (layer2): FSDPLinear(in_features=10, out_features=10, bias=False)
)
2025-09-02 10:16:30 [Rank 0][get_offloaded_param] <named> >> layer1.weight, <param> >>
 DTensor(local_tensor=tensor([[ 0.1169, -0.2355, -0.0648, -0.1834,  0.1401,  0.0346,  0.1628, -0.0098,
          0.2710,  0.1636],
        [ 0.0564,  0.0150, -0.1400,  0.1663,  0.2369,  0.1750,  0.1790,  0.2430,
          0.0156,  0.1633],
        [ 0.0542,  0.0021,  0.2854,  0.1070,  0.1075,  0.2087,  0.0842, -0.2108,
         -0.2775, -0.1419]], device='cuda:0'), device_mesh=DeviceMesh('cuda', [0, 1, 2, 3]), placements=(Shard(dim=0),)),
 <local_shape> >> torch.Size([3, 10]), <placements> >> (Shard(dim=0),)
2025-09-02 10:16:30 [Rank 0][get_offloaded_param] <named> >> layer2.weight, <param> >>
 DTensor(local_tensor=tensor([[-0.2127, -0.1579,  0.0307, -0.1707, -0.0570,  0.1573,  0.0265, -0.2357,
          0.0155,  0.0999],
        [ 0.1367,  0.2245,  0.1336,  0.3159, -0.0865,  0.2643,  0.2227, -0.0844,
          0.2280, -0.0506],
        [ 0.1393, -0.2256,  0.0774, -0.0195, -0.2672, -0.2442, -0.2737,  0.1574,
         -0.2968, -0.0203]], device='cuda:0'), device_mesh=DeviceMesh('cuda', [0, 1, 2, 3]), placements=(Shard(dim=0),)),
 <local_shape> >> torch.Size([3, 10]), <placements> >> (Shard(dim=0),)
2025-09-02 10:16:30 [Rank 0][get_offloaded_param] Model param items: [('layer1.weight', DTensor(local_tensor=tensor([[ 0.1169, -0.2355, -0.0648, -0.1834,  0.1401,  0.0346,  0.1628, -0.0098,
          0.2710,  0.1636],
        [ 0.0564,  0.0150, -0.1400,  0.1663,  0.2369,  0.1750,  0.1790,  0.2430,
          0.0156,  0.1633],
        [ 0.0542,  0.0021,  0.2854,  0.1070,  0.1075,  0.2087,  0.0842, -0.2108,
         -0.2775, -0.1419]], device='cuda:0'), device_mesh=DeviceMesh('cuda', [0, 1, 2, 3]), placements=(Shard(dim=0),))), ('layer2.weight', DTensor(local_tensor=tensor([[-0.2127, -0.1579,  0.0307, -0.1707, -0.0570,  0.1573,  0.0265, -0.2357,
          0.0155,  0.0999],
        [ 0.1367,  0.2245,  0.1336,  0.3159, -0.0865,  0.2643,  0.2227, -0.0844,
          0.2280, -0.0506],
        [ 0.1393, -0.2256,  0.0774, -0.0195, -0.2672, -0.2442, -0.2737,  0.1574,
         -0.2968, -0.0203]], device='cuda:0'), device_mesh=DeviceMesh('cuda', [0, 1, 2, 3]), placements=(Shard(dim=0),)))]
2025-09-02 10:16:30 [Rank 0][get_offloaded_param] <named> >> layer1.weight, <param> >>
 DTensor(local_tensor=tensor([[ 0.1169, -0.2355, -0.0648, -0.1834,  0.1401,  0.0346,  0.1628, -0.0098,
          0.2710,  0.1636],
        [ 0.0564,  0.0150, -0.1400,  0.1663,  0.2369,  0.1750,  0.1790,  0.2430,
          0.0156,  0.1633],
        [ 0.0542,  0.0021,  0.2854,  0.1070,  0.1075,  0.2087,  0.0842, -0.2108,
         -0.2775, -0.1419]], device='cuda:0'), device_mesh=DeviceMesh('cuda', [0, 1, 2, 3]), placements=(Shard(dim=0),)),
 <param_shape> >> torch.Size([10, 10]), <local_shape> >> torch.Size([3, 10]), <placements> >> (Shard(dim=0),), <target_shape> >> torch.Size([3, 10]), copy 30 elements from GPU → CPU at offset 0
2025-09-02 10:16:30 [Rank 0][get_offloaded_param] <named> >> layer2.weight, <param> >>
 DTensor(local_tensor=tensor([[-0.2127, -0.1579,  0.0307, -0.1707, -0.0570,  0.1573,  0.0265, -0.2357,
          0.0155,  0.0999],
        [ 0.1367,  0.2245,  0.1336,  0.3159, -0.0865,  0.2643,  0.2227, -0.0844,
          0.2280, -0.0506],
        [ 0.1393, -0.2256,  0.0774, -0.0195, -0.2672, -0.2442, -0.2737,  0.1574,
         -0.2968, -0.0203]], device='cuda:0'), device_mesh=DeviceMesh('cuda', [0, 1, 2, 3]), placements=(Shard(dim=0),)),
 <param_shape> >> torch.Size([10, 10]), <local_shape> >> torch.Size([3, 10]), <placements> >> (Shard(dim=0),), <target_shape> >> torch.Size([3, 10]), copy 30 elements from GPU → CPU at offset 30
2025-09-02 10:16:30 [Rank 0][get_offloaded_param] Offloaded params: [DTensor(local_tensor=tensor([[ 0.1169, -0.2355, -0.0648, -0.1834,  0.1401,  0.0346,  0.1628, -0.0098,
          0.2710,  0.1636],
        [ 0.0564,  0.0150, -0.1400,  0.1663,  0.2369,  0.1750,  0.1790,  0.2430,
          0.0156,  0.1633],
        [ 0.0542,  0.0021,  0.2854,  0.1070,  0.1075,  0.2087,  0.0842, -0.2108,
         -0.2775, -0.1419]]), device_mesh=DeviceMesh('cpu', [0, 1, 2, 3]), placements=(Shard(dim=0),)), DTensor(local_tensor=tensor([[-0.2127, -0.1579,  0.0307, -0.1707, -0.0570,  0.1573,  0.0265, -0.2357,
          0.0155,  0.0999],
        [ 0.1367,  0.2245,  0.1336,  0.3159, -0.0865,  0.2643,  0.2227, -0.0844,
          0.2280, -0.0506],
        [ 0.1393, -0.2256,  0.0774, -0.0195, -0.2672, -0.2442, -0.2737,  0.1574,
         -0.2968, -0.0203]]), device_mesh=DeviceMesh('cpu', [0, 1, 2, 3]), placements=(Shard(dim=0),))]
2025-09-02 10:16:30 [Rank 0][get_offloaded_param] Param group cutoff: [0, 30, 60]
2025-09-02 10:16:30 [Rank 0][get_offloaded_param] Offloaded grad grouped tensor: [tensor([0., 0., 0., 0., 0., 0., 0., 0., 0., 0., 0., 0., 0., 0., 0., 0., 0., 0., 0., 0., 0., 0., 0., 0.,
        0., 0., 0., 0., 0., 0.]), tensor([0., 0., 0., 0., 0., 0., 0., 0., 0., 0., 0., 0., 0., 0., 0., 0., 0., 0., 0., 0., 0., 0., 0., 0.,
        0., 0., 0., 0., 0., 0.])]
2025-09-02 10:16:30 [Rank 0][main] === Training setup done ===
