2025-09-02 10:16:28 [Rank 3][main] Model initialized on CPU, model info: TinyModel(
  (layer1): Linear(in_features=10, out_features=10, bias=False)
  (layer2): Linear(in_features=10, out_features=10, bias=False)
)
2025-09-02 10:16:28 [Rank 3][main] <named> >> layer1.weight, <param> >>
 Parameter containing:
tensor([[-0.2757, -0.2994, -0.1308,  0.2979, -0.0728, -0.0006, -0.0530,  0.0042,
         -0.0417, -0.2630],
        [-0.1882, -0.3135,  0.2233, -0.2301,  0.0222,  0.2181,  0.3099, -0.1978,
         -0.0909,  0.1866],
        [-0.2201, -0.2051, -0.2831,  0.0153,  0.2659, -0.1452, -0.0140, -0.0588,
          0.0626,  0.1479],
        [-0.1255, -0.2878,  0.2572, -0.1640,  0.1233, -0.3108,  0.0116, -0.1757,
          0.0651,  0.1045],
        [-0.2540,  0.0663,  0.1782,  0.3011,  0.0141, -0.0174,  0.0886,  0.2623,
          0.1090,  0.0109],
        [-0.2133,  0.2753, -0.2285, -0.1451, -0.0816, -0.1953,  0.2084,  0.2944,
         -0.0388, -0.0973],
        [ 0.2221, -0.0873,  0.1163,  0.2842, -0.1906, -0.2740,  0.1196,  0.0094,
          0.1916, -0.1479],
        [ 0.2310,  0.2190, -0.1402, -0.2919, -0.1356,  0.1264, -0.2175,  0.2042,
          0.2574,  0.0964],
        [ 0.1654,  0.1105, -0.2265,  0.2709,  0.0551, -0.1860,  0.3079, -0.3153,
         -0.0281,  0.1682],
        [-0.2186, -0.1686,  0.1687, -0.0761, -0.1786, -0.0157,  0.0697, -0.1417,
          0.1448,  0.0728]], requires_grad=True),
 <param_shape> >> torch.Size([10, 10]), 
2025-09-02 10:16:28 [Rank 3][main] <named> >> layer2.weight, <param> >>
 Parameter containing:
tensor([[-0.2723,  0.2583, -0.1138,  0.0778,  0.1602,  0.2113,  0.1122,  0.3111,
          0.2179,  0.0928],
        [ 0.1584,  0.2388,  0.0104, -0.0765, -0.1378,  0.2026, -0.0942,  0.2539,
          0.1772,  0.0288],
        [-0.0057, -0.0051,  0.1289,  0.1062,  0.2345,  0.2726, -0.0232,  0.3137,
          0.1065,  0.1567],
        [-0.0039,  0.1304,  0.1347,  0.0424,  0.0657, -0.1396, -0.1363,  0.0113,
          0.3064,  0.0595],
        [ 0.0239, -0.0385, -0.1981,  0.2057,  0.0576, -0.3125, -0.2697,  0.2916,
          0.2382,  0.1541],
        [-0.1520, -0.2305,  0.0401,  0.0247, -0.1197, -0.0245,  0.0168,  0.1378,
          0.1915, -0.1263],
        [-0.1095, -0.0108, -0.2173, -0.1134, -0.0060, -0.0587, -0.1964,  0.1127,
         -0.0065, -0.1757],
        [-0.1253,  0.2122,  0.2455, -0.2436, -0.1181,  0.1733, -0.1573,  0.0424,
          0.0005,  0.0485],
        [-0.1928,  0.2872, -0.3044,  0.1051, -0.0612, -0.2182,  0.2342, -0.3041,
         -0.1195,  0.0200],
        [ 0.2555, -0.0160,  0.1477, -0.2106, -0.0373,  0.1655, -0.2187,  0.2186,
         -0.0641, -0.2689]], requires_grad=True),
 <param_shape> >> torch.Size([10, 10]), 
2025-09-02 10:16:29 [Rank 3][main] Model sharded on CUDA, model info: FSDPTinyModel(
  (layer1): FSDPLinear(in_features=10, out_features=10, bias=False)
  (layer2): FSDPLinear(in_features=10, out_features=10, bias=False)
)
2025-09-02 10:16:30 [Rank 3][main] <named> >> layer1.weight, <param> >>
 DTensor(local_tensor=tensor([[-0.2186, -0.1686,  0.1687, -0.0761, -0.1786, -0.0157,  0.0697, -0.1417,
          0.1448,  0.0728]], device='cuda:3'), device_mesh=DeviceMesh('cuda', [0, 1, 2, 3]), placements=(Shard(dim=0),)),
 <param_shape> >> torch.Size([10, 10]), <local_shape> >> torch.Size([1, 10]), <placements> >> (Shard(dim=0),)
2025-09-02 10:16:30 [Rank 3][main] <named> >> layer2.weight, <param> >>
 DTensor(local_tensor=tensor([[ 0.2555, -0.0160,  0.1477, -0.2106, -0.0373,  0.1655, -0.2187,  0.2186,
         -0.0641, -0.2689]], device='cuda:3'), device_mesh=DeviceMesh('cuda', [0, 1, 2, 3]), placements=(Shard(dim=0),)),
 <param_shape> >> torch.Size([10, 10]), <local_shape> >> torch.Size([1, 10]), <placements> >> (Shard(dim=0),)
2025-09-02 10:16:30 [Rank 3][get_offloaded_param] Offloading model parameters..., model info: FSDPTinyModel(
  (layer1): FSDPLinear(in_features=10, out_features=10, bias=False)
  (layer2): FSDPLinear(in_features=10, out_features=10, bias=False)
)
2025-09-02 10:16:30 [Rank 3][get_offloaded_param] <named> >> layer1.weight, <param> >>
 DTensor(local_tensor=tensor([[-0.2186, -0.1686,  0.1687, -0.0761, -0.1786, -0.0157,  0.0697, -0.1417,
          0.1448,  0.0728]], device='cuda:3'), device_mesh=DeviceMesh('cuda', [0, 1, 2, 3]), placements=(Shard(dim=0),)),
 <local_shape> >> torch.Size([1, 10]), <placements> >> (Shard(dim=0),)
2025-09-02 10:16:30 [Rank 3][get_offloaded_param] <named> >> layer2.weight, <param> >>
 DTensor(local_tensor=tensor([[ 0.2555, -0.0160,  0.1477, -0.2106, -0.0373,  0.1655, -0.2187,  0.2186,
         -0.0641, -0.2689]], device='cuda:3'), device_mesh=DeviceMesh('cuda', [0, 1, 2, 3]), placements=(Shard(dim=0),)),
 <local_shape> >> torch.Size([1, 10]), <placements> >> (Shard(dim=0),)
2025-09-02 10:16:30 [Rank 3][get_offloaded_param] Model param items: [('layer1.weight', DTensor(local_tensor=tensor([[-0.2186, -0.1686,  0.1687, -0.0761, -0.1786, -0.0157,  0.0697, -0.1417,
          0.1448,  0.0728]], device='cuda:3'), device_mesh=DeviceMesh('cuda', [0, 1, 2, 3]), placements=(Shard(dim=0),))), ('layer2.weight', DTensor(local_tensor=tensor([[ 0.2555, -0.0160,  0.1477, -0.2106, -0.0373,  0.1655, -0.2187,  0.2186,
         -0.0641, -0.2689]], device='cuda:3'), device_mesh=DeviceMesh('cuda', [0, 1, 2, 3]), placements=(Shard(dim=0),)))]
2025-09-02 10:16:30 [Rank 3][get_offloaded_param] <named> >> layer1.weight, <param> >>
 DTensor(local_tensor=tensor([[-0.2186, -0.1686,  0.1687, -0.0761, -0.1786, -0.0157,  0.0697, -0.1417,
          0.1448,  0.0728]], device='cuda:3'), device_mesh=DeviceMesh('cuda', [0, 1, 2, 3]), placements=(Shard(dim=0),)),
 <param_shape> >> torch.Size([10, 10]), <local_shape> >> torch.Size([1, 10]), <placements> >> (Shard(dim=0),), <target_shape> >> torch.Size([1, 10]), copy 10 elements from GPU → CPU at offset 0
2025-09-02 10:16:30 [Rank 3][get_offloaded_param] <named> >> layer2.weight, <param> >>
 DTensor(local_tensor=tensor([[ 0.2555, -0.0160,  0.1477, -0.2106, -0.0373,  0.1655, -0.2187,  0.2186,
         -0.0641, -0.2689]], device='cuda:3'), device_mesh=DeviceMesh('cuda', [0, 1, 2, 3]), placements=(Shard(dim=0),)),
 <param_shape> >> torch.Size([10, 10]), <local_shape> >> torch.Size([1, 10]), <placements> >> (Shard(dim=0),), <target_shape> >> torch.Size([1, 10]), copy 10 elements from GPU → CPU at offset 10
2025-09-02 10:16:30 [Rank 3][get_offloaded_param] Offloaded params: [DTensor(local_tensor=tensor([[-0.2186, -0.1686,  0.1687, -0.0761, -0.1786, -0.0157,  0.0697, -0.1417,
          0.1448,  0.0728]]), device_mesh=DeviceMesh('cpu', [0, 1, 2, 3]), placements=(Shard(dim=0),)), DTensor(local_tensor=tensor([[ 0.2555, -0.0160,  0.1477, -0.2106, -0.0373,  0.1655, -0.2187,  0.2186,
         -0.0641, -0.2689]]), device_mesh=DeviceMesh('cpu', [0, 1, 2, 3]), placements=(Shard(dim=0),))]
2025-09-02 10:16:30 [Rank 3][get_offloaded_param] Param group cutoff: [0, 10, 20]
2025-09-02 10:16:30 [Rank 3][get_offloaded_param] Offloaded grad grouped tensor: [tensor([0., 0., 0., 0., 0., 0., 0., 0., 0., 0.]), tensor([0., 0., 0., 0., 0., 0., 0., 0., 0., 0.])]
