2025-09-01 16:49:37 [Rank 1][main] Model initialized on CPU, model info: TinyModel(
  (layer1): Linear(in_features=10, out_features=10, bias=False)
  (layer2): Linear(in_features=10, out_features=10, bias=False)
)
2025-09-01 16:49:37 [Rank 1][main] named >> layer1.weight, param >> Parameter containing:
tensor([[ 0.0199,  0.2527,  0.1040,  0.2496, -0.2648, -0.1161, -0.0287, -0.1501,
         -0.2817,  0.0559],
        [-0.0308,  0.0472,  0.1792, -0.1522, -0.1317,  0.0142,  0.2253,  0.0249,
          0.0682, -0.1435],
        [ 0.0543,  0.1224,  0.0122,  0.0846,  0.0254,  0.2929,  0.1456,  0.1204,
         -0.0118,  0.0036],
        [ 0.0375,  0.1287,  0.1901, -0.0516,  0.1568,  0.1901,  0.0111,  0.0874,
         -0.1275, -0.2993],
        [-0.0908,  0.1024, -0.1336, -0.1221, -0.0806,  0.0680,  0.2927,  0.0042,
         -0.0054,  0.2978],
        [ 0.2696,  0.1372, -0.1607, -0.0947,  0.2830, -0.1807, -0.2609, -0.2710,
          0.2401, -0.0780],
        [ 0.0302, -0.0083,  0.1496,  0.2194,  0.2309,  0.2466, -0.1079,  0.2374,
          0.0131, -0.1890],
        [-0.0230, -0.2429, -0.2093, -0.2992, -0.0463, -0.0202, -0.2864,  0.2494,
         -0.0956,  0.2998],
        [ 0.3027, -0.1238,  0.0634,  0.2130, -0.2119,  0.0428, -0.2688,  0.0968,
         -0.2019, -0.1973],
        [ 0.1704,  0.2897, -0.1939, -0.1468, -0.1575,  0.2159, -0.1277,  0.2103,
          0.3006, -0.2857]], requires_grad=True), param_shape=torch.Size([10, 10]), 
2025-09-01 16:49:37 [Rank 1][main] named >> layer2.weight, param >> Parameter containing:
tensor([[-0.1563, -0.3127,  0.2892, -0.3069, -0.2139, -0.2392,  0.1462,  0.0474,
          0.1594,  0.0767],
        [-0.1801,  0.1041, -0.0819,  0.2790,  0.2891,  0.1105,  0.2702, -0.0199,
         -0.2672,  0.0969],
        [-0.2012,  0.0327,  0.1371, -0.2310,  0.1108, -0.1293,  0.0129,  0.2576,
          0.0416,  0.0205],
        [ 0.1195, -0.0344,  0.0707, -0.1435, -0.1420, -0.1085, -0.2486, -0.0658,
          0.1473, -0.3093],
        [ 0.2543, -0.1415, -0.0637,  0.3127, -0.0864, -0.0460, -0.1346, -0.0802,
         -0.2588,  0.3134],
        [ 0.2631, -0.2306,  0.2679, -0.1773, -0.2773,  0.2669, -0.0954,  0.1742,
          0.1672,  0.0744],
        [-0.1808,  0.1404, -0.0899,  0.1669, -0.1035,  0.2403, -0.0811,  0.1079,
          0.0534,  0.0323],
        [-0.0766,  0.2150, -0.1985,  0.1982, -0.2203,  0.0090,  0.2560, -0.0321,
         -0.2821, -0.2995],
        [-0.1324,  0.1138,  0.2795, -0.0762,  0.1036,  0.1291, -0.0908, -0.1398,
         -0.2424, -0.2176],
        [ 0.2387,  0.3062,  0.0055,  0.1329,  0.2187,  0.3087,  0.1254,  0.2034,
          0.1497,  0.2828]], requires_grad=True), param_shape=torch.Size([10, 10]), 
2025-09-01 16:49:37 [Rank 1][shard_model] Param layer1.weight, local_shape=torch.Size([5, 10]), placements=(Shard(dim=0),)
2025-09-01 16:49:37 [Rank 1][shard_model] Param layer2.weight, local_shape=torch.Size([5, 10]), placements=(Shard(dim=0),)
2025-09-01 16:49:37 [Rank 1][main] Model sharded on CUDA, model info: FSDPTinyModel(
  (layer1): FSDPLinear(in_features=10, out_features=10, bias=False)
  (layer2): FSDPLinear(in_features=10, out_features=10, bias=False)
)
2025-09-01 16:49:39 [Rank 1][main] named >> layer1.weight, param >> DTensor(local_tensor=tensor([[ 0.2696,  0.1372, -0.1607, -0.0947,  0.2830, -0.1807, -0.2609, -0.2710,
          0.2401, -0.0780],
        [ 0.0302, -0.0083,  0.1496,  0.2194,  0.2309,  0.2466, -0.1079,  0.2374,
          0.0131, -0.1890],
        [-0.0230, -0.2429, -0.2093, -0.2992, -0.0463, -0.0202, -0.2864,  0.2494,
         -0.0956,  0.2998],
        [ 0.3027, -0.1238,  0.0634,  0.2130, -0.2119,  0.0428, -0.2688,  0.0968,
         -0.2019, -0.1973],
        [ 0.1704,  0.2897, -0.1939, -0.1468, -0.1575,  0.2159, -0.1277,  0.2103,
          0.3006, -0.2857]], device='cuda:1'), device_mesh=DeviceMesh('cuda', [0, 1]), placements=(Shard(dim=0),)), param_shape=torch.Size([10, 10]), local_shape >> torch.Size([5, 10]), placements >> (Shard(dim=0),)
2025-09-01 16:49:39 [Rank 1][main] named >> layer2.weight, param >> DTensor(local_tensor=tensor([[ 0.2631, -0.2306,  0.2679, -0.1773, -0.2773,  0.2669, -0.0954,  0.1742,
          0.1672,  0.0744],
        [-0.1808,  0.1404, -0.0899,  0.1669, -0.1035,  0.2403, -0.0811,  0.1079,
          0.0534,  0.0323],
        [-0.0766,  0.2150, -0.1985,  0.1982, -0.2203,  0.0090,  0.2560, -0.0321,
         -0.2821, -0.2995],
        [-0.1324,  0.1138,  0.2795, -0.0762,  0.1036,  0.1291, -0.0908, -0.1398,
         -0.2424, -0.2176],
        [ 0.2387,  0.3062,  0.0055,  0.1329,  0.2187,  0.3087,  0.1254,  0.2034,
          0.1497,  0.2828]], device='cuda:1'), device_mesh=DeviceMesh('cuda', [0, 1]), placements=(Shard(dim=0),)), param_shape=torch.Size([10, 10]), local_shape >> torch.Size([5, 10]), placements >> (Shard(dim=0),)
2025-09-01 16:49:39 [Rank 1][get_offloaded_param] Offloading model parameters..., model info: FSDPTinyModel(
  (layer1): FSDPLinear(in_features=10, out_features=10, bias=False)
  (layer2): FSDPLinear(in_features=10, out_features=10, bias=False)
)
2025-09-01 16:49:39 [Rank 1][get_offloaded_param] named >> layer1.weight, param >> DTensor(local_tensor=tensor([[ 0.2696,  0.1372, -0.1607, -0.0947,  0.2830, -0.1807, -0.2609, -0.2710,
          0.2401, -0.0780],
        [ 0.0302, -0.0083,  0.1496,  0.2194,  0.2309,  0.2466, -0.1079,  0.2374,
          0.0131, -0.1890],
        [-0.0230, -0.2429, -0.2093, -0.2992, -0.0463, -0.0202, -0.2864,  0.2494,
         -0.0956,  0.2998],
        [ 0.3027, -0.1238,  0.0634,  0.2130, -0.2119,  0.0428, -0.2688,  0.0968,
         -0.2019, -0.1973],
        [ 0.1704,  0.2897, -0.1939, -0.1468, -0.1575,  0.2159, -0.1277,  0.2103,
          0.3006, -0.2857]], device='cuda:1'), device_mesh=DeviceMesh('cuda', [0, 1]), placements=(Shard(dim=0),)), local_shape >> torch.Size([5, 10]), placements >> (Shard(dim=0),)
2025-09-01 16:49:39 [Rank 1][get_offloaded_param] named >> layer2.weight, param >> DTensor(local_tensor=tensor([[ 0.2631, -0.2306,  0.2679, -0.1773, -0.2773,  0.2669, -0.0954,  0.1742,
          0.1672,  0.0744],
        [-0.1808,  0.1404, -0.0899,  0.1669, -0.1035,  0.2403, -0.0811,  0.1079,
          0.0534,  0.0323],
        [-0.0766,  0.2150, -0.1985,  0.1982, -0.2203,  0.0090,  0.2560, -0.0321,
         -0.2821, -0.2995],
        [-0.1324,  0.1138,  0.2795, -0.0762,  0.1036,  0.1291, -0.0908, -0.1398,
         -0.2424, -0.2176],
        [ 0.2387,  0.3062,  0.0055,  0.1329,  0.2187,  0.3087,  0.1254,  0.2034,
          0.1497,  0.2828]], device='cuda:1'), device_mesh=DeviceMesh('cuda', [0, 1]), placements=(Shard(dim=0),)), local_shape >> torch.Size([5, 10]), placements >> (Shard(dim=0),)
2025-09-01 16:49:39 [Rank 1][get_offloaded_param] Model param items: [('layer1.weight', DTensor(local_tensor=tensor([[ 0.2696,  0.1372, -0.1607, -0.0947,  0.2830, -0.1807, -0.2609, -0.2710,
          0.2401, -0.0780],
        [ 0.0302, -0.0083,  0.1496,  0.2194,  0.2309,  0.2466, -0.1079,  0.2374,
          0.0131, -0.1890],
        [-0.0230, -0.2429, -0.2093, -0.2992, -0.0463, -0.0202, -0.2864,  0.2494,
         -0.0956,  0.2998],
        [ 0.3027, -0.1238,  0.0634,  0.2130, -0.2119,  0.0428, -0.2688,  0.0968,
         -0.2019, -0.1973],
        [ 0.1704,  0.2897, -0.1939, -0.1468, -0.1575,  0.2159, -0.1277,  0.2103,
          0.3006, -0.2857]], device='cuda:1'), device_mesh=DeviceMesh('cuda', [0, 1]), placements=(Shard(dim=0),))), ('layer2.weight', DTensor(local_tensor=tensor([[ 0.2631, -0.2306,  0.2679, -0.1773, -0.2773,  0.2669, -0.0954,  0.1742,
          0.1672,  0.0744],
        [-0.1808,  0.1404, -0.0899,  0.1669, -0.1035,  0.2403, -0.0811,  0.1079,
          0.0534,  0.0323],
        [-0.0766,  0.2150, -0.1985,  0.1982, -0.2203,  0.0090,  0.2560, -0.0321,
         -0.2821, -0.2995],
        [-0.1324,  0.1138,  0.2795, -0.0762,  0.1036,  0.1291, -0.0908, -0.1398,
         -0.2424, -0.2176],
        [ 0.2387,  0.3062,  0.0055,  0.1329,  0.2187,  0.3087,  0.1254,  0.2034,
          0.1497,  0.2828]], device='cuda:1'), device_mesh=DeviceMesh('cuda', [0, 1]), placements=(Shard(dim=0),)))]
2025-09-01 16:49:39 [Rank 1][get_offloaded_param] named >> layer1.weight, param >> DTensor(local_tensor=tensor([[ 0.2696,  0.1372, -0.1607, -0.0947,  0.2830, -0.1807, -0.2609, -0.2710,
          0.2401, -0.0780],
        [ 0.0302, -0.0083,  0.1496,  0.2194,  0.2309,  0.2466, -0.1079,  0.2374,
          0.0131, -0.1890],
        [-0.0230, -0.2429, -0.2093, -0.2992, -0.0463, -0.0202, -0.2864,  0.2494,
         -0.0956,  0.2998],
        [ 0.3027, -0.1238,  0.0634,  0.2130, -0.2119,  0.0428, -0.2688,  0.0968,
         -0.2019, -0.1973],
        [ 0.1704,  0.2897, -0.1939, -0.1468, -0.1575,  0.2159, -0.1277,  0.2103,
          0.3006, -0.2857]], device='cuda:1'), device_mesh=DeviceMesh('cuda', [0, 1]), placements=(Shard(dim=0),)), param_shape=torch.Size([10, 10]), local_shape >> torch.Size([5, 10]), placements >> (Shard(dim=0),), target_shape=torch.Size([5, 10]), copy 50 elements from GPU → CPU at offset 0
2025-09-01 16:49:39 [Rank 1][get_offloaded_param] named >> layer2.weight, param >> DTensor(local_tensor=tensor([[ 0.2631, -0.2306,  0.2679, -0.1773, -0.2773,  0.2669, -0.0954,  0.1742,
          0.1672,  0.0744],
        [-0.1808,  0.1404, -0.0899,  0.1669, -0.1035,  0.2403, -0.0811,  0.1079,
          0.0534,  0.0323],
        [-0.0766,  0.2150, -0.1985,  0.1982, -0.2203,  0.0090,  0.2560, -0.0321,
         -0.2821, -0.2995],
        [-0.1324,  0.1138,  0.2795, -0.0762,  0.1036,  0.1291, -0.0908, -0.1398,
         -0.2424, -0.2176],
        [ 0.2387,  0.3062,  0.0055,  0.1329,  0.2187,  0.3087,  0.1254,  0.2034,
          0.1497,  0.2828]], device='cuda:1'), device_mesh=DeviceMesh('cuda', [0, 1]), placements=(Shard(dim=0),)), param_shape=torch.Size([10, 10]), local_shape >> torch.Size([5, 10]), placements >> (Shard(dim=0),), target_shape=torch.Size([5, 10]), copy 50 elements from GPU → CPU at offset 50
2025-09-01 16:49:39 [Rank 1][get_offloaded_param] Offloaded params: [DTensor(local_tensor=tensor([[ 0.2696,  0.1372, -0.1607, -0.0947,  0.2830, -0.1807, -0.2609, -0.2710,
          0.2401, -0.0780],
        [ 0.0302, -0.0083,  0.1496,  0.2194,  0.2309,  0.2466, -0.1079,  0.2374,
          0.0131, -0.1890],
        [-0.0230, -0.2429, -0.2093, -0.2992, -0.0463, -0.0202, -0.2864,  0.2494,
         -0.0956,  0.2998],
        [ 0.3027, -0.1238,  0.0634,  0.2130, -0.2119,  0.0428, -0.2688,  0.0968,
         -0.2019, -0.1973],
        [ 0.1704,  0.2897, -0.1939, -0.1468, -0.1575,  0.2159, -0.1277,  0.2103,
          0.3006, -0.2857]]), device_mesh=DeviceMesh('cpu', [0, 1]), placements=(Shard(dim=0),)), DTensor(local_tensor=tensor([[ 0.2631, -0.2306,  0.2679, -0.1773, -0.2773,  0.2669, -0.0954,  0.1742,
          0.1672,  0.0744],
        [-0.1808,  0.1404, -0.0899,  0.1669, -0.1035,  0.2403, -0.0811,  0.1079,
          0.0534,  0.0323],
        [-0.0766,  0.2150, -0.1985,  0.1982, -0.2203,  0.0090,  0.2560, -0.0321,
         -0.2821, -0.2995],
        [-0.1324,  0.1138,  0.2795, -0.0762,  0.1036,  0.1291, -0.0908, -0.1398,
         -0.2424, -0.2176],
        [ 0.2387,  0.3062,  0.0055,  0.1329,  0.2187,  0.3087,  0.1254,  0.2034,
          0.1497,  0.2828]]), device_mesh=DeviceMesh('cpu', [0, 1]), placements=(Shard(dim=0),))]
