2025-09-01 16:49:37 [Rank 0][main] Model initialized on CPU, model info: TinyModel(
  (layer1): Linear(in_features=10, out_features=10, bias=False)
  (layer2): Linear(in_features=10, out_features=10, bias=False)
)
2025-09-01 16:49:37 [Rank 0][main] named >> layer1.weight, param >> Parameter containing:
tensor([[ 0.1651, -0.0472,  0.0906,  0.1695, -0.0045,  0.0343,  0.1366, -0.0841,
          0.1717, -0.3118],
        [-0.2503,  0.2972, -0.2751,  0.2414,  0.2266, -0.2017, -0.3116, -0.1567,
          0.2270, -0.0184],
        [ 0.0229, -0.1876, -0.2380,  0.0899,  0.2691,  0.1759,  0.1128,  0.1919,
         -0.0264,  0.1054],
        [-0.0689,  0.2214, -0.1722, -0.0956,  0.0882,  0.1032,  0.2807,  0.1275,
          0.0138,  0.2015],
        [-0.0401,  0.2045, -0.1375, -0.0748, -0.1321, -0.0954, -0.1644, -0.1929,
         -0.0352, -0.1334],
        [ 0.2576, -0.2121,  0.1051,  0.3084,  0.3029, -0.3100,  0.2138, -0.1746,
         -0.0363,  0.1866],
        [-0.0465,  0.2747, -0.2269, -0.1387, -0.1579,  0.1858,  0.1712,  0.1858,
         -0.2074,  0.0997],
        [-0.0432,  0.1664,  0.0851, -0.1826,  0.0814,  0.2926,  0.2140,  0.0953,
          0.1938,  0.3013],
        [-0.2153,  0.2376, -0.0817, -0.0280,  0.3155, -0.1227,  0.0217,  0.2971,
          0.1515, -0.0812],
        [ 0.2286, -0.0892,  0.2458, -0.2890, -0.2603,  0.0448,  0.1900,  0.1789,
         -0.0677, -0.0653]], requires_grad=True), param_shape=torch.Size([10, 10]), 
2025-09-01 16:49:37 [Rank 0][main] named >> layer2.weight, param >> Parameter containing:
tensor([[ 0.1161, -0.0460,  0.1199, -0.2897,  0.2783,  0.2295, -0.2189,  0.0951,
          0.2465,  0.2866],
        [-0.1533, -0.0777,  0.1089, -0.0235,  0.0048,  0.2457,  0.2701, -0.0897,
         -0.2692,  0.0591],
        [ 0.2124,  0.1346,  0.2468, -0.1211,  0.0074, -0.2531,  0.3054,  0.2798,
          0.1590,  0.1555],
        [-0.3021, -0.2057,  0.1371, -0.0593, -0.0129, -0.1664,  0.2793, -0.1379,
         -0.0853, -0.1948],
        [ 0.2843,  0.2068, -0.1801,  0.1917, -0.0306,  0.3161,  0.0507, -0.2815,
         -0.3112, -0.0172],
        [-0.1285,  0.1226,  0.2874, -0.0362,  0.0816, -0.0946,  0.0503, -0.1146,
          0.2625, -0.1892],
        [ 0.2552,  0.0103,  0.1522, -0.1805, -0.0266, -0.1207,  0.0348,  0.1202,
          0.0813, -0.2713],
        [-0.0712,  0.2757,  0.0611,  0.3138, -0.0322,  0.0262, -0.2592, -0.2614,
          0.1593,  0.0861],
        [-0.3072,  0.1985, -0.3085,  0.1012,  0.1322,  0.1767, -0.0039, -0.2383,
         -0.1155,  0.0420],
        [-0.2094,  0.0391, -0.1904, -0.0804,  0.2478, -0.0905,  0.2885,  0.1193,
          0.2673, -0.0301]], requires_grad=True), 
param_shape=torch.Size([10, 10]), 
2025-09-01 16:49:37 [Rank 0][shard_model] Param layer1.weight, local_shape=torch.Size([5, 10]), placements=(Shard(dim=0),)
2025-09-01 16:49:37 [Rank 0][shard_model] Param layer2.weight, local_shape=torch.Size([5, 10]), placements=(Shard(dim=0),)
2025-09-01 16:49:37 [Rank 0][main] Model sharded on CUDA, model info: FSDPTinyModel(
  (layer1): FSDPLinear(in_features=10, out_features=10, bias=False)
  (layer2): FSDPLinear(in_features=10, out_features=10, bias=False)
)
2025-09-01 16:49:39 [Rank 0][main] named >> layer1.weight, param >> DTensor(local_tensor=tensor([[ 0.1651, -0.0472,  0.0906,  0.1695, -0.0045,  0.0343,  0.1366, -0.0841,
          0.1717, -0.3118],
        [-0.2503,  0.2972, -0.2751,  0.2414,  0.2266, -0.2017, -0.3116, -0.1567,
          0.2270, -0.0184],
        [ 0.0229, -0.1876, -0.2380,  0.0899,  0.2691,  0.1759,  0.1128,  0.1919,
         -0.0264,  0.1054],
        [-0.0689,  0.2214, -0.1722, -0.0956,  0.0882,  0.1032,  0.2807,  0.1275,
          0.0138,  0.2015],
        [-0.0401,  0.2045, -0.1375, -0.0748, -0.1321, -0.0954, -0.1644, -0.1929,
         -0.0352, -0.1334]], device='cuda:0'), device_mesh=DeviceMesh('cuda', [0, 1]), placements=(Shard(dim=0),)), 
param_shape=torch.Size([10, 10]), local_shape >> torch.Size([5, 10]), placements >> (Shard(dim=0),)
2025-09-01 16:49:39 [Rank 0][main] named >> layer2.weight, param >> DTensor(local_tensor=tensor([[ 0.1161, -0.0460,  0.1199, -0.2897,  0.2783,  0.2295, -0.2189,  0.0951,
          0.2465,  0.2866],
        [-0.1533, -0.0777,  0.1089, -0.0235,  0.0048,  0.2457,  0.2701, -0.0897,
         -0.2692,  0.0591],
        [ 0.2124,  0.1346,  0.2468, -0.1211,  0.0074, -0.2531,  0.3054,  0.2798,
          0.1590,  0.1555],
        [-0.3021, -0.2057,  0.1371, -0.0593, -0.0129, -0.1664,  0.2793, -0.1379,
         -0.0853, -0.1948],
        [ 0.2843,  0.2068, -0.1801,  0.1917, -0.0306,  0.3161,  0.0507, -0.2815,
         -0.3112, -0.0172]], device='cuda:0'), device_mesh=DeviceMesh('cuda', [0, 1]), placements=(Shard(dim=0),)), 
param_shape=torch.Size([10, 10]), local_shape >> torch.Size([5, 10]), placements >> (Shard(dim=0),)
2025-09-01 16:49:39 [Rank 0][get_offloaded_param] Offloading model parameters..., model info: FSDPTinyModel(
  (layer1): FSDPLinear(in_features=10, out_features=10, bias=False)
  (layer2): FSDPLinear(in_features=10, out_features=10, bias=False)
)
2025-09-01 16:49:39 [Rank 0][get_offloaded_param] named >> layer1.weight, param >> DTensor(local_tensor=tensor([[ 0.1651, -0.0472,  0.0906,  0.1695, -0.0045,  0.0343,  0.1366, -0.0841,
          0.1717, -0.3118],
        [-0.2503,  0.2972, -0.2751,  0.2414,  0.2266, -0.2017, -0.3116, -0.1567,
          0.2270, -0.0184],
        [ 0.0229, -0.1876, -0.2380,  0.0899,  0.2691,  0.1759,  0.1128,  0.1919,
         -0.0264,  0.1054],
        [-0.0689,  0.2214, -0.1722, -0.0956,  0.0882,  0.1032,  0.2807,  0.1275,
          0.0138,  0.2015],
        [-0.0401,  0.2045, -0.1375, -0.0748, -0.1321, -0.0954, -0.1644, -0.1929,
         -0.0352, -0.1334]], device='cuda:0'), device_mesh=DeviceMesh('cuda', [0, 1]), placements=(Shard(dim=0),)), local_shape >> torch.Size([5, 10]), placements >> (Shard(dim=0),)
2025-09-01 16:49:39 [Rank 0][get_offloaded_param] named >> layer2.weight, param >> DTensor(local_tensor=tensor([[ 0.1161, -0.0460,  0.1199, -0.2897,  0.2783,  0.2295, -0.2189,  0.0951,
          0.2465,  0.2866],
        [-0.1533, -0.0777,  0.1089, -0.0235,  0.0048,  0.2457,  0.2701, -0.0897,
         -0.2692,  0.0591],
        [ 0.2124,  0.1346,  0.2468, -0.1211,  0.0074, -0.2531,  0.3054,  0.2798,
          0.1590,  0.1555],
        [-0.3021, -0.2057,  0.1371, -0.0593, -0.0129, -0.1664,  0.2793, -0.1379,
         -0.0853, -0.1948],
        [ 0.2843,  0.2068, -0.1801,  0.1917, -0.0306,  0.3161,  0.0507, -0.2815,
         -0.3112, -0.0172]], device='cuda:0'), device_mesh=DeviceMesh('cuda', [0, 1]), placements=(Shard(dim=0),)), local_shape >> torch.Size([5, 10]), placements >> (Shard(dim=0),)
2025-09-01 16:49:39 [Rank 0][get_offloaded_param] Model param items: [('layer1.weight', DTensor(local_tensor=tensor([[ 0.1651, -0.0472,  0.0906,  0.1695, -0.0045,  0.0343,  0.1366, -0.0841,
          0.1717, -0.3118],
        [-0.2503,  0.2972, -0.2751,  0.2414,  0.2266, -0.2017, -0.3116, -0.1567,
          0.2270, -0.0184],
        [ 0.0229, -0.1876, -0.2380,  0.0899,  0.2691,  0.1759,  0.1128,  0.1919,
         -0.0264,  0.1054],
        [-0.0689,  0.2214, -0.1722, -0.0956,  0.0882,  0.1032,  0.2807,  0.1275,
          0.0138,  0.2015],
        [-0.0401,  0.2045, -0.1375, -0.0748, -0.1321, -0.0954, -0.1644, -0.1929,
         -0.0352, -0.1334]], device='cuda:0'), device_mesh=DeviceMesh('cuda', [0, 1]), placements=(Shard(dim=0),))), ('layer2.weight', DTensor(local_tensor=tensor([[ 0.1161, -0.0460,  0.1199, -0.2897,  0.2783,  0.2295, -0.2189,  0.0951,
          0.2465,  0.2866],
        [-0.1533, -0.0777,  0.1089, -0.0235,  0.0048,  0.2457,  0.2701, -0.0897,
         -0.2692,  0.0591],
        [ 0.2124,  0.1346,  0.2468, -0.1211,  0.0074, -0.2531,  0.3054,  0.2798,
          0.1590,  0.1555],
        [-0.3021, -0.2057,  0.1371, -0.0593, -0.0129, -0.1664,  0.2793, -0.1379,
         -0.0853, -0.1948],
        [ 0.2843,  0.2068, -0.1801,  0.1917, -0.0306,  0.3161,  0.0507, -0.2815,
         -0.3112, -0.0172]], device='cuda:0'), device_mesh=DeviceMesh('cuda', [0, 1]), placements=(Shard(dim=0),)))]
2025-09-01 16:49:39 [Rank 0][get_offloaded_param] named >> layer1.weight, param >> DTensor(local_tensor=tensor([[ 0.1651, -0.0472,  0.0906,  0.1695, -0.0045,  0.0343,  0.1366, -0.0841,
          0.1717, -0.3118],
        [-0.2503,  0.2972, -0.2751,  0.2414,  0.2266, -0.2017, -0.3116, -0.1567,
          0.2270, -0.0184],
        [ 0.0229, -0.1876, -0.2380,  0.0899,  0.2691,  0.1759,  0.1128,  0.1919,
         -0.0264,  0.1054],
        [-0.0689,  0.2214, -0.1722, -0.0956,  0.0882,  0.1032,  0.2807,  0.1275,
          0.0138,  0.2015],
        [-0.0401,  0.2045, -0.1375, -0.0748, -0.1321, -0.0954, -0.1644, -0.1929,
         -0.0352, -0.1334]], device='cuda:0'), device_mesh=DeviceMesh('cuda', [0, 1]), placements=(Shard(dim=0),)), 
param_shape=torch.Size([10, 10]), local_shape >> torch.Size([5, 10]), placements >> (Shard(dim=0),), target_shape=torch.Size([5, 10]), copy 50 elements from GPU → CPU at offset 0
2025-09-01 16:49:39 [Rank 0][get_offloaded_param] named >> layer2.weight, param >> DTensor(local_tensor=tensor([[ 0.1161, -0.0460,  0.1199, -0.2897,  0.2783,  0.2295, -0.2189,  0.0951,
          0.2465,  0.2866],
        [-0.1533, -0.0777,  0.1089, -0.0235,  0.0048,  0.2457,  0.2701, -0.0897,
         -0.2692,  0.0591],
        [ 0.2124,  0.1346,  0.2468, -0.1211,  0.0074, -0.2531,  0.3054,  0.2798,
          0.1590,  0.1555],
        [-0.3021, -0.2057,  0.1371, -0.0593, -0.0129, -0.1664,  0.2793, -0.1379,
         -0.0853, -0.1948],
        [ 0.2843,  0.2068, -0.1801,  0.1917, -0.0306,  0.3161,  0.0507, -0.2815,
         -0.3112, -0.0172]], device='cuda:0'), device_mesh=DeviceMesh('cuda', [0, 1]), placements=(Shard(dim=0),)), 
param_shape=torch.Size([10, 10]), local_shape >> torch.Size([5, 10]), placements >> (Shard(dim=0),), target_shape=torch.Size([5, 10]), copy 50 elements from GPU → CPU at offset 50
2025-09-01 16:49:39 [Rank 0][get_offloaded_param] Offloaded params: [DTensor(local_tensor=tensor([[ 0.1651, -0.0472,  0.0906,  0.1695, -0.0045,  0.0343,  0.1366, -0.0841,
          0.1717, -0.3118],
        [-0.2503,  0.2972, -0.2751,  0.2414,  0.2266, -0.2017, -0.3116, -0.1567,
          0.2270, -0.0184],
        [ 0.0229, -0.1876, -0.2380,  0.0899,  0.2691,  0.1759,  0.1128,  0.1919,
         -0.0264,  0.1054],
        [-0.0689,  0.2214, -0.1722, -0.0956,  0.0882,  0.1032,  0.2807,  0.1275,
          0.0138,  0.2015],
        [-0.0401,  0.2045, -0.1375, -0.0748, -0.1321, -0.0954, -0.1644, -0.1929,
         -0.0352, -0.1334]]), device_mesh=DeviceMesh('cpu', [0, 1]), placements=(Shard(dim=0),)), DTensor(local_tensor=tensor([[ 0.1161, -0.0460,  0.1199, -0.2897,  0.2783,  0.2295, -0.2189,  0.0951,
          0.2465,  0.2866],
        [-0.1533, -0.0777,  0.1089, -0.0235,  0.0048,  0.2457,  0.2701, -0.0897,
         -0.2692,  0.0591],
        [ 0.2124,  0.1346,  0.2468, -0.1211,  0.0074, -0.2531,  0.3054,  0.2798,
          0.1590,  0.1555],
        [-0.3021, -0.2057,  0.1371, -0.0593, -0.0129, -0.1664,  0.2793, -0.1379,
         -0.0853, -0.1948],
        [ 0.2843,  0.2068, -0.1801,  0.1917, -0.0306,  0.3161,  0.0507, -0.2815,
         -0.3112, -0.0172]]), device_mesh=DeviceMesh('cpu', [0, 1]), placements=(Shard(dim=0),))]
2025-09-01 16:49:39 [Rank 0][main] === Training setup done ===
