2025-09-01 18:41:05 [Rank 1][main] Model initialized on CPU, model info: TinyModel(
  (layer1): Linear(in_features=10, out_features=10, bias=False)
  (layer2): Linear(in_features=10, out_features=10, bias=False)
)
2025-09-01 18:41:05 [Rank 1][main] <named> >> layer1.weight, <param> >>
 Parameter containing:
tensor([[ 0.1729, -0.2172, -0.2450, -0.0797, -0.1380, -0.2647, -0.2466,  0.1506,
         -0.2618, -0.2843],
        [-0.3047, -0.2533,  0.0140,  0.0342,  0.1291, -0.2487,  0.3145, -0.2963,
          0.2824, -0.0274],
        [ 0.0595,  0.0262, -0.2826,  0.0131, -0.0670,  0.0269, -0.2085, -0.2597,
         -0.0104, -0.1822],
        [-0.0008, -0.0670,  0.2235, -0.2580, -0.2405, -0.1224, -0.0317,  0.2419,
         -0.3083,  0.1260],
        [ 0.1071,  0.3054,  0.2819, -0.2170,  0.0964,  0.2394,  0.1496,  0.1605,
         -0.2791, -0.2411],
        [-0.2498,  0.0124, -0.0118,  0.1271,  0.1245, -0.1581,  0.2758, -0.2748,
         -0.1640,  0.1674],
        [ 0.0765,  0.2520,  0.2129,  0.2759, -0.2151, -0.0986,  0.0404, -0.2917,
         -0.1518,  0.0837],
        [-0.0880,  0.0690, -0.2474, -0.1852,  0.0958,  0.0729, -0.2930,  0.1615,
         -0.1170, -0.1035],
        [ 0.0035,  0.1882, -0.0688,  0.0672,  0.3021,  0.2784, -0.2794, -0.0557,
         -0.0242, -0.0051],
        [ 0.0513, -0.3114, -0.2942,  0.2452,  0.2208,  0.1058,  0.2837,  0.0007,
          0.0869,  0.0815]], requires_grad=True),
 <param_shape> >> torch.Size([10, 10]), 
2025-09-01 18:41:05 [Rank 1][main] <named> >> layer2.weight, <param> >>
 Parameter containing:
tensor([[ 0.2710,  0.2274, -0.2192,  0.0377, -0.2056,  0.1722, -0.0874, -0.2051,
         -0.1461,  0.0699],
        [ 0.0909,  0.3073, -0.2659,  0.2228,  0.1683,  0.2661, -0.1941,  0.0043,
          0.1878, -0.0387],
        [-0.3152,  0.1174, -0.1856,  0.0400, -0.1758,  0.1648,  0.0065, -0.0768,
          0.0395, -0.2978],
        [-0.3138,  0.2747,  0.2326,  0.2528,  0.0429, -0.2402,  0.0893, -0.0325,
         -0.2916, -0.0158],
        [ 0.1847,  0.0823, -0.1129,  0.0518,  0.2317,  0.1012, -0.0910,  0.2053,
          0.2278,  0.0463],
        [ 0.0932, -0.0542,  0.1634,  0.0374, -0.1911,  0.2156,  0.2142,  0.1990,
         -0.1460,  0.2650],
        [ 0.1868, -0.1029, -0.0155,  0.0615,  0.2945,  0.1417,  0.0736, -0.0018,
         -0.0480,  0.1124],
        [ 0.0900, -0.1853,  0.1092,  0.3096, -0.2961,  0.1975, -0.2832,  0.0659,
          0.0844, -0.2159],
        [ 0.1138,  0.1875, -0.0953, -0.2788,  0.0227, -0.0396, -0.2086, -0.1260,
         -0.0416, -0.0249],
        [-0.1063,  0.1830, -0.1709,  0.0889, -0.1791,  0.0422, -0.1072, -0.1780,
         -0.0670, -0.1396]], requires_grad=True),
 <param_shape> >> torch.Size([10, 10]), 
2025-09-01 18:41:05 [Rank 1][main] Model sharded on CUDA, model info: FSDPTinyModel(
  (layer1): FSDPLinear(in_features=10, out_features=10, bias=False)
  (layer2): FSDPLinear(in_features=10, out_features=10, bias=False)
)
2025-09-01 18:41:06 [Rank 1][main] <named> >> layer1.weight, <param> >>
 DTensor(local_tensor=tensor([[-0.2498,  0.0124, -0.0118,  0.1271,  0.1245, -0.1581,  0.2758, -0.2748,
         -0.1640,  0.1674],
        [ 0.0765,  0.2520,  0.2129,  0.2759, -0.2151, -0.0986,  0.0404, -0.2917,
         -0.1518,  0.0837],
        [-0.0880,  0.0690, -0.2474, -0.1852,  0.0958,  0.0729, -0.2930,  0.1615,
         -0.1170, -0.1035],
        [ 0.0035,  0.1882, -0.0688,  0.0672,  0.3021,  0.2784, -0.2794, -0.0557,
         -0.0242, -0.0051],
        [ 0.0513, -0.3114, -0.2942,  0.2452,  0.2208,  0.1058,  0.2837,  0.0007,
          0.0869,  0.0815]], device='cuda:1'), device_mesh=DeviceMesh('cuda', [0, 1]), placements=(Shard(dim=0),)),
 <param_shape> >> torch.Size([10, 10]), <local_shape> >> torch.Size([5, 10]), <placements> >> (Shard(dim=0),)
2025-09-01 18:41:06 [Rank 1][main] <named> >> layer2.weight, <param> >>
 DTensor(local_tensor=tensor([[ 0.0932, -0.0542,  0.1634,  0.0374, -0.1911,  0.2156,  0.2142,  0.1990,
         -0.1460,  0.2650],
        [ 0.1868, -0.1029, -0.0155,  0.0615,  0.2945,  0.1417,  0.0736, -0.0018,
         -0.0480,  0.1124],
        [ 0.0900, -0.1853,  0.1092,  0.3096, -0.2961,  0.1975, -0.2832,  0.0659,
          0.0844, -0.2159],
        [ 0.1138,  0.1875, -0.0953, -0.2788,  0.0227, -0.0396, -0.2086, -0.1260,
         -0.0416, -0.0249],
        [-0.1063,  0.1830, -0.1709,  0.0889, -0.1791,  0.0422, -0.1072, -0.1780,
         -0.0670, -0.1396]], device='cuda:1'), device_mesh=DeviceMesh('cuda', [0, 1]), placements=(Shard(dim=0),)),
 <param_shape> >> torch.Size([10, 10]), <local_shape> >> torch.Size([5, 10]), <placements> >> (Shard(dim=0),)
2025-09-01 18:41:06 [Rank 1][get_offloaded_param] Offloading model parameters..., model info: FSDPTinyModel(
  (layer1): FSDPLinear(in_features=10, out_features=10, bias=False)
  (layer2): FSDPLinear(in_features=10, out_features=10, bias=False)
)
2025-09-01 18:41:06 [Rank 1][get_offloaded_param] <named> >> layer1.weight, <param> >>
 DTensor(local_tensor=tensor([[-0.2498,  0.0124, -0.0118,  0.1271,  0.1245, -0.1581,  0.2758, -0.2748,
         -0.1640,  0.1674],
        [ 0.0765,  0.2520,  0.2129,  0.2759, -0.2151, -0.0986,  0.0404, -0.2917,
         -0.1518,  0.0837],
        [-0.0880,  0.0690, -0.2474, -0.1852,  0.0958,  0.0729, -0.2930,  0.1615,
         -0.1170, -0.1035],
        [ 0.0035,  0.1882, -0.0688,  0.0672,  0.3021,  0.2784, -0.2794, -0.0557,
         -0.0242, -0.0051],
        [ 0.0513, -0.3114, -0.2942,  0.2452,  0.2208,  0.1058,  0.2837,  0.0007,
          0.0869,  0.0815]], device='cuda:1'), device_mesh=DeviceMesh('cuda', [0, 1]), placements=(Shard(dim=0),)),
 <local_shape> >> torch.Size([5, 10]), <placements> >> (Shard(dim=0),)
2025-09-01 18:41:06 [Rank 1][get_offloaded_param] <named> >> layer2.weight, <param> >>
 DTensor(local_tensor=tensor([[ 0.0932, -0.0542,  0.1634,  0.0374, -0.1911,  0.2156,  0.2142,  0.1990,
         -0.1460,  0.2650],
        [ 0.1868, -0.1029, -0.0155,  0.0615,  0.2945,  0.1417,  0.0736, -0.0018,
         -0.0480,  0.1124],
        [ 0.0900, -0.1853,  0.1092,  0.3096, -0.2961,  0.1975, -0.2832,  0.0659,
          0.0844, -0.2159],
        [ 0.1138,  0.1875, -0.0953, -0.2788,  0.0227, -0.0396, -0.2086, -0.1260,
         -0.0416, -0.0249],
        [-0.1063,  0.1830, -0.1709,  0.0889, -0.1791,  0.0422, -0.1072, -0.1780,
         -0.0670, -0.1396]], device='cuda:1'), device_mesh=DeviceMesh('cuda', [0, 1]), placements=(Shard(dim=0),)),
 <local_shape> >> torch.Size([5, 10]), <placements> >> (Shard(dim=0),)
2025-09-01 18:41:06 [Rank 1][get_offloaded_param] Model param items: [('layer1.weight', DTensor(local_tensor=tensor([[-0.2498,  0.0124, -0.0118,  0.1271,  0.1245, -0.1581,  0.2758, -0.2748,
         -0.1640,  0.1674],
        [ 0.0765,  0.2520,  0.2129,  0.2759, -0.2151, -0.0986,  0.0404, -0.2917,
         -0.1518,  0.0837],
        [-0.0880,  0.0690, -0.2474, -0.1852,  0.0958,  0.0729, -0.2930,  0.1615,
         -0.1170, -0.1035],
        [ 0.0035,  0.1882, -0.0688,  0.0672,  0.3021,  0.2784, -0.2794, -0.0557,
         -0.0242, -0.0051],
        [ 0.0513, -0.3114, -0.2942,  0.2452,  0.2208,  0.1058,  0.2837,  0.0007,
          0.0869,  0.0815]], device='cuda:1'), device_mesh=DeviceMesh('cuda', [0, 1]), placements=(Shard(dim=0),))), ('layer2.weight', DTensor(local_tensor=tensor([[ 0.0932, -0.0542,  0.1634,  0.0374, -0.1911,  0.2156,  0.2142,  0.1990,
         -0.1460,  0.2650],
        [ 0.1868, -0.1029, -0.0155,  0.0615,  0.2945,  0.1417,  0.0736, -0.0018,
         -0.0480,  0.1124],
        [ 0.0900, -0.1853,  0.1092,  0.3096, -0.2961,  0.1975, -0.2832,  0.0659,
          0.0844, -0.2159],
        [ 0.1138,  0.1875, -0.0953, -0.2788,  0.0227, -0.0396, -0.2086, -0.1260,
         -0.0416, -0.0249],
        [-0.1063,  0.1830, -0.1709,  0.0889, -0.1791,  0.0422, -0.1072, -0.1780,
         -0.0670, -0.1396]], device='cuda:1'), device_mesh=DeviceMesh('cuda', [0, 1]), placements=(Shard(dim=0),)))]
2025-09-01 18:41:06 [Rank 1][get_offloaded_param] <named> >> layer1.weight, <param> >>
 DTensor(local_tensor=tensor([[-0.2498,  0.0124, -0.0118,  0.1271,  0.1245, -0.1581,  0.2758, -0.2748,
         -0.1640,  0.1674],
        [ 0.0765,  0.2520,  0.2129,  0.2759, -0.2151, -0.0986,  0.0404, -0.2917,
         -0.1518,  0.0837],
        [-0.0880,  0.0690, -0.2474, -0.1852,  0.0958,  0.0729, -0.2930,  0.1615,
         -0.1170, -0.1035],
        [ 0.0035,  0.1882, -0.0688,  0.0672,  0.3021,  0.2784, -0.2794, -0.0557,
         -0.0242, -0.0051],
        [ 0.0513, -0.3114, -0.2942,  0.2452,  0.2208,  0.1058,  0.2837,  0.0007,
          0.0869,  0.0815]], device='cuda:1'), device_mesh=DeviceMesh('cuda', [0, 1]), placements=(Shard(dim=0),)),
 <param_shape> >> torch.Size([10, 10]), <local_shape> >> torch.Size([5, 10]), <placements> >> (Shard(dim=0),), <target_shape> >> torch.Size([5, 10]), copy 50 elements from GPU → CPU at offset 0
2025-09-01 18:41:06 [Rank 1][get_offloaded_param] <named> >> layer2.weight, <param> >>
 DTensor(local_tensor=tensor([[ 0.0932, -0.0542,  0.1634,  0.0374, -0.1911,  0.2156,  0.2142,  0.1990,
         -0.1460,  0.2650],
        [ 0.1868, -0.1029, -0.0155,  0.0615,  0.2945,  0.1417,  0.0736, -0.0018,
         -0.0480,  0.1124],
        [ 0.0900, -0.1853,  0.1092,  0.3096, -0.2961,  0.1975, -0.2832,  0.0659,
          0.0844, -0.2159],
        [ 0.1138,  0.1875, -0.0953, -0.2788,  0.0227, -0.0396, -0.2086, -0.1260,
         -0.0416, -0.0249],
        [-0.1063,  0.1830, -0.1709,  0.0889, -0.1791,  0.0422, -0.1072, -0.1780,
         -0.0670, -0.1396]], device='cuda:1'), device_mesh=DeviceMesh('cuda', [0, 1]), placements=(Shard(dim=0),)),
 <param_shape> >> torch.Size([10, 10]), <local_shape> >> torch.Size([5, 10]), <placements> >> (Shard(dim=0),), <target_shape> >> torch.Size([5, 10]), copy 50 elements from GPU → CPU at offset 50
2025-09-01 18:41:06 [Rank 1][get_offloaded_param] Offloaded params: [DTensor(local_tensor=tensor([[-0.2498,  0.0124, -0.0118,  0.1271,  0.1245, -0.1581,  0.2758, -0.2748,
         -0.1640,  0.1674],
        [ 0.0765,  0.2520,  0.2129,  0.2759, -0.2151, -0.0986,  0.0404, -0.2917,
         -0.1518,  0.0837],
        [-0.0880,  0.0690, -0.2474, -0.1852,  0.0958,  0.0729, -0.2930,  0.1615,
         -0.1170, -0.1035],
        [ 0.0035,  0.1882, -0.0688,  0.0672,  0.3021,  0.2784, -0.2794, -0.0557,
         -0.0242, -0.0051],
        [ 0.0513, -0.3114, -0.2942,  0.2452,  0.2208,  0.1058,  0.2837,  0.0007,
          0.0869,  0.0815]]), device_mesh=DeviceMesh('cpu', [0, 1]), placements=(Shard(dim=0),)), DTensor(local_tensor=tensor([[ 0.0932, -0.0542,  0.1634,  0.0374, -0.1911,  0.2156,  0.2142,  0.1990,
         -0.1460,  0.2650],
        [ 0.1868, -0.1029, -0.0155,  0.0615,  0.2945,  0.1417,  0.0736, -0.0018,
         -0.0480,  0.1124],
        [ 0.0900, -0.1853,  0.1092,  0.3096, -0.2961,  0.1975, -0.2832,  0.0659,
          0.0844, -0.2159],
        [ 0.1138,  0.1875, -0.0953, -0.2788,  0.0227, -0.0396, -0.2086, -0.1260,
         -0.0416, -0.0249],
        [-0.1063,  0.1830, -0.1709,  0.0889, -0.1791,  0.0422, -0.1072, -0.1780,
         -0.0670, -0.1396]]), device_mesh=DeviceMesh('cpu', [0, 1]), placements=(Shard(dim=0),))]
2025-09-01 18:41:06 [Rank 1][get_offloaded_param] Param group cutoff: [0, 50, 100]
2025-09-01 18:41:06 [Rank 1][get_offloaded_param] Offloaded grad grouped tensor: [tensor([0., 0., 0., 0., 0., 0., 0., 0., 0., 0., 0., 0., 0., 0., 0., 0., 0., 0., 0., 0., 0., 0., 0., 0.,
        0., 0., 0., 0., 0., 0., 0., 0., 0., 0., 0., 0., 0., 0., 0., 0., 0., 0., 0., 0., 0., 0., 0., 0.,
        0., 0.]), tensor([0., 0., 0., 0., 0., 0., 0., 0., 0., 0., 0., 0., 0., 0., 0., 0., 0., 0., 0., 0., 0., 0., 0., 0.,
        0., 0., 0., 0., 0., 0., 0., 0., 0., 0., 0., 0., 0., 0., 0., 0., 0., 0., 0., 0., 0., 0., 0., 0.,
        0., 0.])]
