2025-09-01 18:41:04 [Rank 0][main] Model initialized on CPU, model info: TinyModel(
  (layer1): Linear(in_features=10, out_features=10, bias=False)
  (layer2): Linear(in_features=10, out_features=10, bias=False)
)
2025-09-01 18:41:05 [Rank 0][main] <named> >> layer1.weight, <param> >>
 Parameter containing:
tensor([[-0.2838,  0.1340,  0.2572,  0.2844,  0.2092, -0.1226,  0.2369, -0.1494,
         -0.1428, -0.1660],
        [-0.2301, -0.2866,  0.1586, -0.0629,  0.1336,  0.0241,  0.2418,  0.1064,
         -0.0091, -0.2872],
        [-0.0085,  0.0248,  0.2167, -0.0337, -0.2589,  0.0521, -0.2300, -0.0644,
         -0.1568,  0.2467],
        [ 0.3145,  0.2853, -0.2754,  0.0631, -0.1019, -0.0853,  0.0850,  0.1083,
          0.0145, -0.0015],
        [-0.1954, -0.0068, -0.1665, -0.1969,  0.1294,  0.0610,  0.1761, -0.0277,
          0.2681,  0.0859],
        [-0.1958, -0.2098,  0.3011,  0.2644,  0.1647, -0.1277, -0.2715,  0.2797,
         -0.2677,  0.2533],
        [ 0.0682, -0.2443, -0.0451, -0.2471, -0.0917, -0.3061, -0.0108, -0.0876,
         -0.2657,  0.1842],
        [-0.1965,  0.3155,  0.2332,  0.1819,  0.2706,  0.1388,  0.2657, -0.2792,
         -0.0255,  0.1332],
        [ 0.2697, -0.1704, -0.0359,  0.2442, -0.2734,  0.1786, -0.0607, -0.0106,
         -0.1712, -0.1378],
        [ 0.2601,  0.2144, -0.2411,  0.2373,  0.3054,  0.0426, -0.1415, -0.1530,
          0.1712, -0.3070]], requires_grad=True),
 <param_shape> >> torch.Size([10, 10]), 
2025-09-01 18:41:05 [Rank 0][main] <named> >> layer2.weight, <param> >>
 Parameter containing:
tensor([[ 0.2835, -0.1387, -0.3130, -0.0555, -0.1458, -0.1112, -0.2709, -0.1963,
         -0.2656, -0.0175],
        [-0.1312, -0.1881, -0.1314, -0.0706,  0.2769,  0.2272, -0.0648,  0.1723,
         -0.1287,  0.1972],
        [ 0.2204, -0.1252, -0.1197,  0.2110, -0.1462,  0.2459, -0.0076, -0.0684,
         -0.0114,  0.2288],
        [-0.0289,  0.1551, -0.0082, -0.1670,  0.0414,  0.2764, -0.0384,  0.2779,
          0.2691,  0.1370],
        [-0.0575,  0.2641, -0.0292, -0.1220,  0.2344,  0.0673,  0.2004,  0.3062,
          0.2448,  0.0588],
        [ 0.0051,  0.2290, -0.1447, -0.1114,  0.0382,  0.1916, -0.0022,  0.1702,
          0.1242, -0.0751],
        [-0.0173,  0.0682, -0.1497,  0.0401, -0.2308,  0.0874,  0.0170, -0.2451,
         -0.1682,  0.2791],
        [ 0.0804, -0.1406,  0.1433, -0.1047, -0.0462,  0.1885,  0.3024,  0.0727,
         -0.2429,  0.2860],
        [-0.2892, -0.1954, -0.0313,  0.0915,  0.0204,  0.1827,  0.1718, -0.2062,
          0.0991, -0.1771],
        [ 0.1109, -0.1727, -0.2025,  0.2842,  0.1147, -0.3090, -0.2133,  0.1352,
         -0.2947,  0.2507]], requires_grad=True),
 <param_shape> >> torch.Size([10, 10]), 
2025-09-01 18:41:05 [Rank 0][main] Model sharded on CUDA, model info: FSDPTinyModel(
  (layer1): FSDPLinear(in_features=10, out_features=10, bias=False)
  (layer2): FSDPLinear(in_features=10, out_features=10, bias=False)
)
2025-09-01 18:41:06 [Rank 0][main] <named> >> layer1.weight, <param> >>
 DTensor(local_tensor=tensor([[-0.2838,  0.1340,  0.2572,  0.2844,  0.2092, -0.1226,  0.2369, -0.1494,
         -0.1428, -0.1660],
        [-0.2301, -0.2866,  0.1586, -0.0629,  0.1336,  0.0241,  0.2418,  0.1064,
         -0.0091, -0.2872],
        [-0.0085,  0.0248,  0.2167, -0.0337, -0.2589,  0.0521, -0.2300, -0.0644,
         -0.1568,  0.2467],
        [ 0.3145,  0.2853, -0.2754,  0.0631, -0.1019, -0.0853,  0.0850,  0.1083,
          0.0145, -0.0015],
        [-0.1954, -0.0068, -0.1665, -0.1969,  0.1294,  0.0610,  0.1761, -0.0277,
          0.2681,  0.0859]], device='cuda:0'), device_mesh=DeviceMesh('cuda', [0, 1]), placements=(Shard(dim=0),)),
 <param_shape> >> torch.Size([10, 10]), <local_shape> >> torch.Size([5, 10]), <placements> >> (Shard(dim=0),)
2025-09-01 18:41:06 [Rank 0][main] <named> >> layer2.weight, <param> >>
 DTensor(local_tensor=tensor([[ 0.2835, -0.1387, -0.3130, -0.0555, -0.1458, -0.1112, -0.2709, -0.1963,
         -0.2656, -0.0175],
        [-0.1312, -0.1881, -0.1314, -0.0706,  0.2769,  0.2272, -0.0648,  0.1723,
         -0.1287,  0.1972],
        [ 0.2204, -0.1252, -0.1197,  0.2110, -0.1462,  0.2459, -0.0076, -0.0684,
         -0.0114,  0.2288],
        [-0.0289,  0.1551, -0.0082, -0.1670,  0.0414,  0.2764, -0.0384,  0.2779,
          0.2691,  0.1370],
        [-0.0575,  0.2641, -0.0292, -0.1220,  0.2344,  0.0673,  0.2004,  0.3062,
          0.2448,  0.0588]], device='cuda:0'), device_mesh=DeviceMesh('cuda', [0, 1]), placements=(Shard(dim=0),)),
 <param_shape> >> torch.Size([10, 10]), <local_shape> >> torch.Size([5, 10]), <placements> >> (Shard(dim=0),)
2025-09-01 18:41:06 [Rank 0][get_offloaded_param] Offloading model parameters..., model info: FSDPTinyModel(
  (layer1): FSDPLinear(in_features=10, out_features=10, bias=False)
  (layer2): FSDPLinear(in_features=10, out_features=10, bias=False)
)
2025-09-01 18:41:06 [Rank 0][get_offloaded_param] <named> >> layer1.weight, <param> >>
 DTensor(local_tensor=tensor([[-0.2838,  0.1340,  0.2572,  0.2844,  0.2092, -0.1226,  0.2369, -0.1494,
         -0.1428, -0.1660],
        [-0.2301, -0.2866,  0.1586, -0.0629,  0.1336,  0.0241,  0.2418,  0.1064,
         -0.0091, -0.2872],
        [-0.0085,  0.0248,  0.2167, -0.0337, -0.2589,  0.0521, -0.2300, -0.0644,
         -0.1568,  0.2467],
        [ 0.3145,  0.2853, -0.2754,  0.0631, -0.1019, -0.0853,  0.0850,  0.1083,
          0.0145, -0.0015],
        [-0.1954, -0.0068, -0.1665, -0.1969,  0.1294,  0.0610,  0.1761, -0.0277,
          0.2681,  0.0859]], device='cuda:0'), device_mesh=DeviceMesh('cuda', [0, 1]), placements=(Shard(dim=0),)),
 <local_shape> >> torch.Size([5, 10]), <placements> >> (Shard(dim=0),)
2025-09-01 18:41:06 [Rank 0][get_offloaded_param] <named> >> layer2.weight, <param> >>
 DTensor(local_tensor=tensor([[ 0.2835, -0.1387, -0.3130, -0.0555, -0.1458, -0.1112, -0.2709, -0.1963,
         -0.2656, -0.0175],
        [-0.1312, -0.1881, -0.1314, -0.0706,  0.2769,  0.2272, -0.0648,  0.1723,
         -0.1287,  0.1972],
        [ 0.2204, -0.1252, -0.1197,  0.2110, -0.1462,  0.2459, -0.0076, -0.0684,
         -0.0114,  0.2288],
        [-0.0289,  0.1551, -0.0082, -0.1670,  0.0414,  0.2764, -0.0384,  0.2779,
          0.2691,  0.1370],
        [-0.0575,  0.2641, -0.0292, -0.1220,  0.2344,  0.0673,  0.2004,  0.3062,
          0.2448,  0.0588]], device='cuda:0'), device_mesh=DeviceMesh('cuda', [0, 1]), placements=(Shard(dim=0),)),
 <local_shape> >> torch.Size([5, 10]), <placements> >> (Shard(dim=0),)
2025-09-01 18:41:06 [Rank 0][get_offloaded_param] Model param items: [('layer1.weight', DTensor(local_tensor=tensor([[-0.2838,  0.1340,  0.2572,  0.2844,  0.2092, -0.1226,  0.2369, -0.1494,
         -0.1428, -0.1660],
        [-0.2301, -0.2866,  0.1586, -0.0629,  0.1336,  0.0241,  0.2418,  0.1064,
         -0.0091, -0.2872],
        [-0.0085,  0.0248,  0.2167, -0.0337, -0.2589,  0.0521, -0.2300, -0.0644,
         -0.1568,  0.2467],
        [ 0.3145,  0.2853, -0.2754,  0.0631, -0.1019, -0.0853,  0.0850,  0.1083,
          0.0145, -0.0015],
        [-0.1954, -0.0068, -0.1665, -0.1969,  0.1294,  0.0610,  0.1761, -0.0277,
          0.2681,  0.0859]], device='cuda:0'), device_mesh=DeviceMesh('cuda', [0, 1]), placements=(Shard(dim=0),))), ('layer2.weight', DTensor(local_tensor=tensor([[ 0.2835, -0.1387, -0.3130, -0.0555, -0.1458, -0.1112, -0.2709, -0.1963,
         -0.2656, -0.0175],
        [-0.1312, -0.1881, -0.1314, -0.0706,  0.2769,  0.2272, -0.0648,  0.1723,
         -0.1287,  0.1972],
        [ 0.2204, -0.1252, -0.1197,  0.2110, -0.1462,  0.2459, -0.0076, -0.0684,
         -0.0114,  0.2288],
        [-0.0289,  0.1551, -0.0082, -0.1670,  0.0414,  0.2764, -0.0384,  0.2779,
          0.2691,  0.1370],
        [-0.0575,  0.2641, -0.0292, -0.1220,  0.2344,  0.0673,  0.2004,  0.3062,
          0.2448,  0.0588]], device='cuda:0'), device_mesh=DeviceMesh('cuda', [0, 1]), placements=(Shard(dim=0),)))]
2025-09-01 18:41:06 [Rank 0][get_offloaded_param] <named> >> layer1.weight, <param> >>
 DTensor(local_tensor=tensor([[-0.2838,  0.1340,  0.2572,  0.2844,  0.2092, -0.1226,  0.2369, -0.1494,
         -0.1428, -0.1660],
        [-0.2301, -0.2866,  0.1586, -0.0629,  0.1336,  0.0241,  0.2418,  0.1064,
         -0.0091, -0.2872],
        [-0.0085,  0.0248,  0.2167, -0.0337, -0.2589,  0.0521, -0.2300, -0.0644,
         -0.1568,  0.2467],
        [ 0.3145,  0.2853, -0.2754,  0.0631, -0.1019, -0.0853,  0.0850,  0.1083,
          0.0145, -0.0015],
        [-0.1954, -0.0068, -0.1665, -0.1969,  0.1294,  0.0610,  0.1761, -0.0277,
          0.2681,  0.0859]], device='cuda:0'), device_mesh=DeviceMesh('cuda', [0, 1]), placements=(Shard(dim=0),)),
 <param_shape> >> torch.Size([10, 10]), <local_shape> >> torch.Size([5, 10]), <placements> >> (Shard(dim=0),), <target_shape> >> torch.Size([5, 10]), copy 50 elements from GPU → CPU at offset 0
2025-09-01 18:41:06 [Rank 0][get_offloaded_param] <named> >> layer2.weight, <param> >>
 DTensor(local_tensor=tensor([[ 0.2835, -0.1387, -0.3130, -0.0555, -0.1458, -0.1112, -0.2709, -0.1963,
         -0.2656, -0.0175],
        [-0.1312, -0.1881, -0.1314, -0.0706,  0.2769,  0.2272, -0.0648,  0.1723,
         -0.1287,  0.1972],
        [ 0.2204, -0.1252, -0.1197,  0.2110, -0.1462,  0.2459, -0.0076, -0.0684,
         -0.0114,  0.2288],
        [-0.0289,  0.1551, -0.0082, -0.1670,  0.0414,  0.2764, -0.0384,  0.2779,
          0.2691,  0.1370],
        [-0.0575,  0.2641, -0.0292, -0.1220,  0.2344,  0.0673,  0.2004,  0.3062,
          0.2448,  0.0588]], device='cuda:0'), device_mesh=DeviceMesh('cuda', [0, 1]), placements=(Shard(dim=0),)),
 <param_shape> >> torch.Size([10, 10]), <local_shape> >> torch.Size([5, 10]), <placements> >> (Shard(dim=0),), <target_shape> >> torch.Size([5, 10]), copy 50 elements from GPU → CPU at offset 50
2025-09-01 18:41:06 [Rank 0][get_offloaded_param] Offloaded params: [DTensor(local_tensor=tensor([[-0.2838,  0.1340,  0.2572,  0.2844,  0.2092, -0.1226,  0.2369, -0.1494,
         -0.1428, -0.1660],
        [-0.2301, -0.2866,  0.1586, -0.0629,  0.1336,  0.0241,  0.2418,  0.1064,
         -0.0091, -0.2872],
        [-0.0085,  0.0248,  0.2167, -0.0337, -0.2589,  0.0521, -0.2300, -0.0644,
         -0.1568,  0.2467],
        [ 0.3145,  0.2853, -0.2754,  0.0631, -0.1019, -0.0853,  0.0850,  0.1083,
          0.0145, -0.0015],
        [-0.1954, -0.0068, -0.1665, -0.1969,  0.1294,  0.0610,  0.1761, -0.0277,
          0.2681,  0.0859]]), device_mesh=DeviceMesh('cpu', [0, 1]), placements=(Shard(dim=0),)), DTensor(local_tensor=tensor([[ 0.2835, -0.1387, -0.3130, -0.0555, -0.1458, -0.1112, -0.2709, -0.1963,
         -0.2656, -0.0175],
        [-0.1312, -0.1881, -0.1314, -0.0706,  0.2769,  0.2272, -0.0648,  0.1723,
         -0.1287,  0.1972],
        [ 0.2204, -0.1252, -0.1197,  0.2110, -0.1462,  0.2459, -0.0076, -0.0684,
         -0.0114,  0.2288],
        [-0.0289,  0.1551, -0.0082, -0.1670,  0.0414,  0.2764, -0.0384,  0.2779,
          0.2691,  0.1370],
        [-0.0575,  0.2641, -0.0292, -0.1220,  0.2344,  0.0673,  0.2004,  0.3062,
          0.2448,  0.0588]]), device_mesh=DeviceMesh('cpu', [0, 1]), placements=(Shard(dim=0),))]
2025-09-01 18:41:06 [Rank 0][get_offloaded_param] Param group cutoff: [0, 50, 100]
2025-09-01 18:41:06 [Rank 0][get_offloaded_param] Offloaded grad grouped tensor: [tensor([0., 0., 0., 0., 0., 0., 0., 0., 0., 0., 0., 0., 0., 0., 0., 0., 0., 0., 0., 0., 0., 0., 0., 0.,
        0., 0., 0., 0., 0., 0., 0., 0., 0., 0., 0., 0., 0., 0., 0., 0., 0., 0., 0., 0., 0., 0., 0., 0.,
        0., 0.]), tensor([0., 0., 0., 0., 0., 0., 0., 0., 0., 0., 0., 0., 0., 0., 0., 0., 0., 0., 0., 0., 0., 0., 0., 0.,
        0., 0., 0., 0., 0., 0., 0., 0., 0., 0., 0., 0., 0., 0., 0., 0., 0., 0., 0., 0., 0., 0., 0., 0.,
        0., 0.])]
2025-09-01 18:41:06 [Rank 0][main] === Training setup done ===
