exec source ~/.bashrc
begin to run code
W0901 16:26:09.367000 298 site-packages/torch/distributed/run.py:792] 
W0901 16:26:09.367000 298 site-packages/torch/distributed/run.py:792] *****************************************
W0901 16:26:09.367000 298 site-packages/torch/distributed/run.py:792] Setting OMP_NUM_THREADS environment variable for each process to be 1 in default, to avoid your system being overloaded, please further tune the variable for optimal performance in your application as needed. 
W0901 16:26:09.367000 298 site-packages/torch/distributed/run.py:792] *****************************************
World size: 2
2025-09-01 16:26:30 [Rank 0][main] Model initialized on CPU, model info: TinyModel(
  (layer1): Linear(in_features=10, out_features=10, bias=False)
  (layer2): Linear(in_features=10, out_features=10, bias=False)
)
2025-09-01 16:26:30 [Rank 0][main] named >> layer1.weight, param >> Parameter containing:
tensor([[ 0.2388,  0.0704, -0.0191, -0.2047, -0.0603,  0.0695,  0.2983, -0.2243,
         -0.0050, -0.2302],
        [-0.0447, -0.1165, -0.2177,  0.2659,  0.0461, -0.0850,  0.2329,  0.3118,
          0.1784,  0.2299],
        [ 0.2133,  0.3084, -0.1573,  0.0225, -0.0019,  0.2450, -0.1596,  0.0166,
          0.0596,  0.1580],
        [ 0.3139, -0.0039,  0.2406, -0.1602,  0.0389,  0.1264, -0.2532,  0.2455,
          0.0282,  0.0376],
        [-0.2654,  0.2871, -0.1281,  0.2115,  0.1905,  0.0848, -0.0933, -0.1374,
         -0.2413, -0.0768],
        [ 0.1836, -0.1223,  0.0409,  0.2425,  0.2421,  0.2281,  0.1902, -0.1650,
          0.2795,  0.2410],
        [-0.3149, -0.0349,  0.3158,  0.1142,  0.1390, -0.1371,  0.2789,  0.2557,
         -0.2238, -0.1149],
        [ 0.2036, -0.0356,  0.0490, -0.1099, -0.1083,  0.2601, -0.2588,  0.2691,
          0.0375,  0.2534],
        [ 0.0356,  0.1776,  0.2003, -0.0600, -0.0678, -0.1576,  0.2415,  0.1528,
          0.1538,  0.0814],
        [ 0.1015, -0.2210,  0.2053,  0.0517, -0.1745, -0.2416,  0.0277, -0.1188,
          0.0824,  0.2636]], requires_grad=True), param_shape=torch.Size([10, 10]), 
2025-09-01 16:26:30 [Rank 0][main] named >> layer2.weight, param >> Parameter containing:
tensor([[ 0.2689, -0.1359, -0.0009, -0.0511,  0.1990,  0.3089,  0.0129,  0.1761,
         -0.0681, -0.2859],
        [-0.1650,  0.0013, -0.1419, -0.0975, -0.3013, -0.2131,  0.3021,  0.2468,
          0.0212, -0.0985],
        [-0.0158,  0.2497,  0.0022,  0.0874, -0.0951, -0.2307, -0.0166,  0.2678,
          0.0757,  0.0962],
        [-0.2325,  0.1402, -0.0823, -0.1613,  0.2099,  0.2151,  0.0361,  0.0885,
         -0.0309, -0.1249],
        [-0.2331,  0.0561,  0.1634, -0.1141, -0.2313,  0.1659, -0.0211,  0.2992,
         -0.0579, -0.2150],
        [ 0.2205, -0.2837, -0.0421, -0.1873, -0.2970, -0.2959, -0.2432, -0.0460,
          0.1278, -0.0014],
        [ 0.1023, -0.1897,  0.1042,  0.1920,  0.2930, -0.0883,  0.3002,  0.2609,
          0.0984, -0.1173],
        [ 0.1651,  0.2755, -0.0702,  0.0780,  0.2955,  0.2263,  0.1494, -0.2803,
          0.1739, -0.0813],
        [ 0.1840, -0.1317,  0.2738,  0.2948,  0.2844, -0.1316, -0.0065,  0.3001,
          0.2824,  0.0478],
        [-0.0331, -0.0827, -0.2637,  0.0987, -0.1294, -0.0924, -0.0823,  0.2624,
          0.1623, -0.0424]], requires_grad=True), param_shape=torch.Size([10, 10]), 
2025-09-01 16:26:30 [Rank 1][main] Model initialized on CPU, model info: TinyModel(
  (layer1): Linear(in_features=10, out_features=10, bias=False)
  (layer2): Linear(in_features=10, out_features=10, bias=False)
)
2025-09-01 16:26:30 [Rank 1][main] named >> layer1.weight, param >> Parameter containing:
tensor([[-2.7553e-01,  1.7182e-01,  3.0237e-01,  2.9956e-01, -2.7015e-01,
         -4.1362e-02,  9.5578e-02,  3.6321e-02,  2.7274e-01, -2.2464e-01],
        [ 4.6126e-02, -1.8091e-02,  2.9196e-01,  2.5292e-01,  2.5750e-01,
          2.0248e-01,  1.6026e-01, -2.8452e-01, -2.8962e-01, -2.5881e-01],
        [ 3.0555e-01, -3.0580e-01,  8.6696e-02,  1.3360e-01, -1.3959e-01,
          2.4802e-02, -1.3675e-01,  1.0929e-01, -2.3718e-01,  1.4191e-02],
        [-1.8373e-01,  1.3075e-02,  1.8436e-01,  1.1284e-01,  1.4558e-01,
         -1.1928e-01, -2.6226e-01, -1.1641e-01,  2.6889e-01, -2.3233e-01],
        [ 2.4752e-01,  3.1184e-01, -2.9527e-02,  2.1797e-01,  1.0087e-01,
         -2.5070e-01, -4.0618e-02,  6.6753e-02, -5.2414e-02,  2.9242e-01],
        [-1.0636e-01,  1.8355e-01, -2.5088e-01, -7.0079e-02, -9.9249e-02,
         -2.3392e-01, -2.3545e-01, -4.8674e-03, -2.8830e-01, -5.9150e-03],
        [-2.2345e-01,  6.8112e-02, -4.2776e-02, -1.7413e-01, -2.6602e-01,
          1.7701e-01,  3.6831e-02,  1.6850e-01,  1.4743e-04,  1.7237e-01],
        [-1.3132e-01,  1.1793e-01, -5.6186e-02,  2.8136e-01, -2.2240e-01,
         -1.6491e-01,  1.1791e-01, -1.8971e-02,  5.3516e-02, -2.5429e-01],
        [-1.3402e-02, -2.5754e-01, -7.1272e-02, -2.6001e-01, -1.5433e-01,
         -2.0884e-01, -3.0408e-01, -2.5476e-01, -5.1725e-02, -7.4704e-02],
        [-9.7159e-02, -2.3983e-01,  2.5564e-01,  2.6710e-01, -2.0545e-01,
         -2.0805e-01, -2.3512e-01,  1.7313e-01, -1.2471e-01,  2.2781e-01]],
       requires_grad=True), param_shape=torch.Size([10, 10]), 
2025-09-01 16:26:30 [Rank 1][main] named >> layer2.weight, param >> Parameter containing:
tensor([[ 0.1592,  0.2016,  0.0052,  0.0376, -0.1212, -0.2189, -0.2613,  0.2213,
         -0.0334,  0.1022],
        [-0.0956,  0.2713,  0.2005, -0.2559,  0.2447, -0.1010, -0.2772, -0.0173,
         -0.1668,  0.2709],
        [ 0.1894,  0.2287, -0.0605,  0.0666,  0.1500,  0.1119,  0.0456, -0.2657,
         -0.2077,  0.0878],
        [-0.1374, -0.1596,  0.1699,  0.0046, -0.0276, -0.0970, -0.1658, -0.2550,
          0.2826,  0.0992],
        [-0.1133, -0.1809, -0.1560, -0.2614,  0.1396,  0.2974,  0.2903, -0.0198,
          0.2769,  0.1363],
        [ 0.0935, -0.2672,  0.0255,  0.1510, -0.0426, -0.3105, -0.0901, -0.0855,
         -0.2542,  0.0751],
        [ 0.2509, -0.1711,  0.0212,  0.2088,  0.0521, -0.3151,  0.1959,  0.0673,
         -0.3091,  0.0460],
        [-0.0724, -0.1528, -0.1943,  0.2035,  0.0574,  0.3113,  0.0829,  0.2844,
         -0.2485, -0.2525],
        [ 0.1694,  0.2988,  0.1992, -0.2602,  0.1523, -0.1463, -0.1906,  0.1966,
          0.0147,  0.1972],
        [ 0.2687,  0.2019,  0.2423,  0.2452, -0.3139,  0.1445,  0.1206, -0.0329,
         -0.1846,  0.2371]], requires_grad=True), param_shape=torch.Size([10, 10]), 
2025-09-01 16:26:31 [Rank 1][shard_model] Param layer1.weight, local_shape=torch.Size([5, 10]), placements=(Shard(dim=0),)
2025-09-01 16:26:31 [Rank 1][shard_model] Param layer2.weight, local_shape=torch.Size([5, 10]), placements=(Shard(dim=0),)
2025-09-01 16:26:31 [Rank 1][main] Model sharded on CUDA, model info: FSDPTinyModel(
  (layer1): FSDPLinear(in_features=10, out_features=10, bias=False)
  (layer2): FSDPLinear(in_features=10, out_features=10, bias=False)
)
2025-09-01 16:26:31 [Rank 0][shard_model] Param layer1.weight, local_shape=torch.Size([5, 10]), placements=(Shard(dim=0),)
2025-09-01 16:26:31 [Rank 0][shard_model] Param layer2.weight, local_shape=torch.Size([5, 10]), placements=(Shard(dim=0),)
2025-09-01 16:26:31 [Rank 0][main] Model sharded on CUDA, model info: FSDPTinyModel(
  (layer1): FSDPLinear(in_features=10, out_features=10, bias=False)
  (layer2): FSDPLinear(in_features=10, out_features=10, bias=False)
)
2025-09-01 16:26:32 [Rank 1][main] named >> layer1.weight, param >> DTensor(local_tensor=tensor([[-1.0636e-01,  1.8355e-01, -2.5088e-01, -7.0079e-02, -9.9249e-02,
         -2.3392e-01, -2.3545e-01, -4.8674e-03, -2.8830e-01, -5.9150e-03],
        [-2.2345e-01,  6.8112e-02, -4.2776e-02, -1.7413e-01, -2.6602e-01,
          1.7701e-01,  3.6831e-02,  1.6850e-01,  1.4743e-04,  1.7237e-01],
        [-1.3132e-01,  1.1793e-01, -5.6186e-02,  2.8136e-01, -2.2240e-01,
         -1.6491e-01,  1.1791e-01, -1.8971e-02,  5.3516e-02, -2.5429e-01],
        [-1.3402e-02, -2.5754e-01, -7.1272e-02, -2.6001e-01, -1.5433e-01,
         -2.0884e-01, -3.0408e-01, -2.5476e-01, -5.1725e-02, -7.4704e-02],
        [-9.7159e-02, -2.3983e-01,  2.5564e-01,  2.6710e-01, -2.0545e-01,
         -2.0805e-01, -2.3512e-01,  1.7313e-01, -1.2471e-01,  2.2781e-01]],
       device='cuda:1'), device_mesh=DeviceMesh('cuda', [0, 1]), placements=(Shard(dim=0),)), param_shape=torch.Size([10, 10]), local_shape >> torch.Size([5, 10]), placements >> (Shard(dim=0),)
2025-09-01 16:26:32 [Rank 0][main] named >> layer1.weight, param >> DTensor(local_tensor=tensor([[ 0.2388,  0.0704, -0.0191, -0.2047, -0.0603,  0.0695,  0.2983, -0.2243,
         -0.0050, -0.2302],
        [-0.0447, -0.1165, -0.2177,  0.2659,  0.0461, -0.0850,  0.2329,  0.3118,
          0.1784,  0.2299],
        [ 0.2133,  0.3084, -0.1573,  0.0225, -0.0019,  0.2450, -0.1596,  0.0166,
          0.0596,  0.1580],
        [ 0.3139, -0.0039,  0.2406, -0.1602,  0.0389,  0.1264, -0.2532,  0.2455,
          0.0282,  0.0376],
        [-0.2654,  0.2871, -0.1281,  0.2115,  0.1905,  0.0848, -0.0933, -0.1374,
         -0.2413, -0.0768]], device='cuda:0'), device_mesh=DeviceMesh('cuda', [0, 1]), placements=(Shard(dim=0),)), param_shape=torch.Size([10, 10]), local_shape >> torch.Size([5, 10]), placements >> (Shard(dim=0),)
2025-09-01 16:26:32 [Rank 1][main] named >> layer2.weight, param >> DTensor(local_tensor=tensor([[ 0.0935, -0.2672,  0.0255,  0.1510, -0.0426, -0.3105, -0.0901, -0.0855,
         -0.2542,  0.0751],
        [ 0.2509, -0.1711,  0.0212,  0.2088,  0.0521, -0.3151,  0.1959,  0.0673,
         -0.3091,  0.0460],
        [-0.0724, -0.1528, -0.1943,  0.2035,  0.0574,  0.3113,  0.0829,  0.2844,
         -0.2485, -0.2525],
        [ 0.1694,  0.2988,  0.1992, -0.2602,  0.1523, -0.1463, -0.1906,  0.1966,
          0.0147,  0.1972],
        [ 0.2687,  0.2019,  0.2423,  0.2452, -0.3139,  0.1445,  0.1206, -0.0329,
         -0.1846,  0.2371]], device='cuda:1'), device_mesh=DeviceMesh('cuda', [0, 1]), placements=(Shard(dim=0),)), param_shape=torch.Size([10, 10]), local_shape >> torch.Size([5, 10]), placements >> (Shard(dim=0),)
2025-09-01 16:26:32 [Rank 0][main] named >> layer2.weight, param >> DTensor(local_tensor=tensor([[ 0.2689, -0.1359, -0.0009, -0.0511,  0.1990,  0.3089,  0.0129,  0.1761,
         -0.0681, -0.2859],
        [-0.1650,  0.0013, -0.1419, -0.0975, -0.3013, -0.2131,  0.3021,  0.2468,
          0.0212, -0.0985],
        [-0.0158,  0.2497,  0.0022,  0.0874, -0.0951, -0.2307, -0.0166,  0.2678,
          0.0757,  0.0962],
        [-0.2325,  0.1402, -0.0823, -0.1613,  0.2099,  0.2151,  0.0361,  0.0885,
         -0.0309, -0.1249],
        [-0.2331,  0.0561,  0.1634, -0.1141, -0.2313,  0.1659, -0.0211,  0.2992,
         -0.0579, -0.2150]], device='cuda:0'), device_mesh=DeviceMesh('cuda', [0, 1]), placements=(Shard(dim=0),)), param_shape=torch.Size([10, 10]), local_shape >> torch.Size([5, 10]), placements >> (Shard(dim=0),)
2025-09-01 16:26:32 [Rank 1][get_offloaded_param] Offloading model parameters..., model info: FSDPTinyModel(
  (layer1): FSDPLinear(in_features=10, out_features=10, bias=False)
  (layer2): FSDPLinear(in_features=10, out_features=10, bias=False)
)
2025-09-01 16:26:32 [Rank 0][get_offloaded_param] Offloading model parameters..., model info: FSDPTinyModel(
  (layer1): FSDPLinear(in_features=10, out_features=10, bias=False)
  (layer2): FSDPLinear(in_features=10, out_features=10, bias=False)
)
2025-09-01 16:26:32 [Rank 1][get_offloaded_param] named >> layer1.weight, param >> DTensor(local_tensor=tensor([[-1.0636e-01,  1.8355e-01, -2.5088e-01, -7.0079e-02, -9.9249e-02,
         -2.3392e-01, -2.3545e-01, -4.8674e-03, -2.8830e-01, -5.9150e-03],
        [-2.2345e-01,  6.8112e-02, -4.2776e-02, -1.7413e-01, -2.6602e-01,
          1.7701e-01,  3.6831e-02,  1.6850e-01,  1.4743e-04,  1.7237e-01],
        [-1.3132e-01,  1.1793e-01, -5.6186e-02,  2.8136e-01, -2.2240e-01,
         -1.6491e-01,  1.1791e-01, -1.8971e-02,  5.3516e-02, -2.5429e-01],
        [-1.3402e-02, -2.5754e-01, -7.1272e-02, -2.6001e-01, -1.5433e-01,
         -2.0884e-01, -3.0408e-01, -2.5476e-01, -5.1725e-02, -7.4704e-02],
        [-9.7159e-02, -2.3983e-01,  2.5564e-01,  2.6710e-01, -2.0545e-01,
         -2.0805e-01, -2.3512e-01,  1.7313e-01, -1.2471e-01,  2.2781e-01]],
       device='cuda:1'), device_mesh=DeviceMesh('cuda', [0, 1]), placements=(Shard(dim=0),)), local_shape >> torch.Size([5, 10]), placements >> (Shard(dim=0),)
2025-09-01 16:26:32 [Rank 0][get_offloaded_param] named >> layer1.weight, param >> DTensor(local_tensor=tensor([[ 0.2388,  0.0704, -0.0191, -0.2047, -0.0603,  0.0695,  0.2983, -0.2243,
         -0.0050, -0.2302],
        [-0.0447, -0.1165, -0.2177,  0.2659,  0.0461, -0.0850,  0.2329,  0.3118,
          0.1784,  0.2299],
        [ 0.2133,  0.3084, -0.1573,  0.0225, -0.0019,  0.2450, -0.1596,  0.0166,
          0.0596,  0.1580],
        [ 0.3139, -0.0039,  0.2406, -0.1602,  0.0389,  0.1264, -0.2532,  0.2455,
          0.0282,  0.0376],
        [-0.2654,  0.2871, -0.1281,  0.2115,  0.1905,  0.0848, -0.0933, -0.1374,
         -0.2413, -0.0768]], device='cuda:0'), device_mesh=DeviceMesh('cuda', [0, 1]), placements=(Shard(dim=0),)), local_shape >> torch.Size([5, 10]), placements >> (Shard(dim=0),)
2025-09-01 16:26:32 [Rank 1][get_offloaded_param] named >> layer2.weight, param >> DTensor(local_tensor=tensor([[ 0.0935, -0.2672,  0.0255,  0.1510, -0.0426, -0.3105, -0.0901, -0.0855,
         -0.2542,  0.0751],
        [ 0.2509, -0.1711,  0.0212,  0.2088,  0.0521, -0.3151,  0.1959,  0.0673,
         -0.3091,  0.0460],
        [-0.0724, -0.1528, -0.1943,  0.2035,  0.0574,  0.3113,  0.0829,  0.2844,
         -0.2485, -0.2525],
        [ 0.1694,  0.2988,  0.1992, -0.2602,  0.1523, -0.1463, -0.1906,  0.1966,
          0.0147,  0.1972],
        [ 0.2687,  0.2019,  0.2423,  0.2452, -0.3139,  0.1445,  0.1206, -0.0329,
         -0.1846,  0.2371]], device='cuda:1'), device_mesh=DeviceMesh('cuda', [0, 1]), placements=(Shard(dim=0),)), local_shape >> torch.Size([5, 10]), placements >> (Shard(dim=0),)
2025-09-01 16:26:32 [Rank 0][get_offloaded_param] named >> layer2.weight, param >> DTensor(local_tensor=tensor([[ 0.2689, -0.1359, -0.0009, -0.0511,  0.1990,  0.3089,  0.0129,  0.1761,
         -0.0681, -0.2859],
        [-0.1650,  0.0013, -0.1419, -0.0975, -0.3013, -0.2131,  0.3021,  0.2468,
          0.0212, -0.0985],
        [-0.0158,  0.2497,  0.0022,  0.0874, -0.0951, -0.2307, -0.0166,  0.2678,
          0.0757,  0.0962],
        [-0.2325,  0.1402, -0.0823, -0.1613,  0.2099,  0.2151,  0.0361,  0.0885,
         -0.0309, -0.1249],
        [-0.2331,  0.0561,  0.1634, -0.1141, -0.2313,  0.1659, -0.0211,  0.2992,
         -0.0579, -0.2150]], device='cuda:0'), device_mesh=DeviceMesh('cuda', [0, 1]), placements=(Shard(dim=0),)), local_shape >> torch.Size([5, 10]), placements >> (Shard(dim=0),)
2025-09-01 16:26:32 [Rank 1][get_offloaded_param] Model param items: [('layer1.weight', DTensor(local_tensor=tensor([[-1.0636e-01,  1.8355e-01, -2.5088e-01, -7.0079e-02, -9.9249e-02,
         -2.3392e-01, -2.3545e-01, -4.8674e-03, -2.8830e-01, -5.9150e-03],
        [-2.2345e-01,  6.8112e-02, -4.2776e-02, -1.7413e-01, -2.6602e-01,
          1.7701e-01,  3.6831e-02,  1.6850e-01,  1.4743e-04,  1.7237e-01],
        [-1.3132e-01,  1.1793e-01, -5.6186e-02,  2.8136e-01, -2.2240e-01,
         -1.6491e-01,  1.1791e-01, -1.8971e-02,  5.3516e-02, -2.5429e-01],
        [-1.3402e-02, -2.5754e-01, -7.1272e-02, -2.6001e-01, -1.5433e-01,
         -2.0884e-01, -3.0408e-01, -2.5476e-01, -5.1725e-02, -7.4704e-02],
        [-9.7159e-02, -2.3983e-01,  2.5564e-01,  2.6710e-01, -2.0545e-01,
         -2.0805e-01, -2.3512e-01,  1.7313e-01, -1.2471e-01,  2.2781e-01]],
       device='cuda:1'), device_mesh=DeviceMesh('cuda', [0, 1]), placements=(Shard(dim=0),))), ('layer2.weight', DTensor(local_tensor=tensor([[ 0.0935, -0.2672,  0.0255,  0.1510, -0.0426, -0.3105, -0.0901, -0.0855,
         -0.2542,  0.0751],
        [ 0.2509, -0.1711,  0.0212,  0.2088,  0.0521, -0.3151,  0.1959,  0.0673,
         -0.3091,  0.0460],
        [-0.0724, -0.1528, -0.1943,  0.2035,  0.0574,  0.3113,  0.0829,  0.2844,
         -0.2485, -0.2525],
        [ 0.1694,  0.2988,  0.1992, -0.2602,  0.1523, -0.1463, -0.1906,  0.1966,
          0.0147,  0.1972],
        [ 0.2687,  0.2019,  0.2423,  0.2452, -0.3139,  0.1445,  0.1206, -0.0329,
         -0.1846,  0.2371]], device='cuda:1'), device_mesh=DeviceMesh('cuda', [0, 1]), placements=(Shard(dim=0),)))]
2025-09-01 16:26:32 [Rank 0][get_offloaded_param] Model param items: [('layer1.weight', DTensor(local_tensor=tensor([[ 0.2388,  0.0704, -0.0191, -0.2047, -0.0603,  0.0695,  0.2983, -0.2243,
         -0.0050, -0.2302],
        [-0.0447, -0.1165, -0.2177,  0.2659,  0.0461, -0.0850,  0.2329,  0.3118,
          0.1784,  0.2299],
        [ 0.2133,  0.3084, -0.1573,  0.0225, -0.0019,  0.2450, -0.1596,  0.0166,
          0.0596,  0.1580],
        [ 0.3139, -0.0039,  0.2406, -0.1602,  0.0389,  0.1264, -0.2532,  0.2455,
          0.0282,  0.0376],
        [-0.2654,  0.2871, -0.1281,  0.2115,  0.1905,  0.0848, -0.0933, -0.1374,
         -0.2413, -0.0768]], device='cuda:0'), device_mesh=DeviceMesh('cuda', [0, 1]), placements=(Shard(dim=0),))), ('layer2.weight', DTensor(local_tensor=tensor([[ 0.2689, -0.1359, -0.0009, -0.0511,  0.1990,  0.3089,  0.0129,  0.1761,
         -0.0681, -0.2859],
        [-0.1650,  0.0013, -0.1419, -0.0975, -0.3013, -0.2131,  0.3021,  0.2468,
          0.0212, -0.0985],
        [-0.0158,  0.2497,  0.0022,  0.0874, -0.0951, -0.2307, -0.0166,  0.2678,
          0.0757,  0.0962],
        [-0.2325,  0.1402, -0.0823, -0.1613,  0.2099,  0.2151,  0.0361,  0.0885,
         -0.0309, -0.1249],
        [-0.2331,  0.0561,  0.1634, -0.1141, -0.2313,  0.1659, -0.0211,  0.2992,
         -0.0579, -0.2150]], device='cuda:0'), device_mesh=DeviceMesh('cuda', [0, 1]), placements=(Shard(dim=0),)))]
2025-09-01 16:26:32 [Rank 1][get_offloaded_param] named >> layer1.weight, param >> DTensor(local_tensor=tensor([[-1.0636e-01,  1.8355e-01, -2.5088e-01, -7.0079e-02, -9.9249e-02,
         -2.3392e-01, -2.3545e-01, -4.8674e-03, -2.8830e-01, -5.9150e-03],
        [-2.2345e-01,  6.8112e-02, -4.2776e-02, -1.7413e-01, -2.6602e-01,
          1.7701e-01,  3.6831e-02,  1.6850e-01,  1.4743e-04,  1.7237e-01],
        [-1.3132e-01,  1.1793e-01, -5.6186e-02,  2.8136e-01, -2.2240e-01,
         -1.6491e-01,  1.1791e-01, -1.8971e-02,  5.3516e-02, -2.5429e-01],
        [-1.3402e-02, -2.5754e-01, -7.1272e-02, -2.6001e-01, -1.5433e-01,
         -2.0884e-01, -3.0408e-01, -2.5476e-01, -5.1725e-02, -7.4704e-02],
        [-9.7159e-02, -2.3983e-01,  2.5564e-01,  2.6710e-01, -2.0545e-01,
         -2.0805e-01, -2.3512e-01,  1.7313e-01, -1.2471e-01,  2.2781e-01]],
       device='cuda:1'), device_mesh=DeviceMesh('cuda', [0, 1]), placements=(Shard(dim=0),)), param_shape=torch.Size([10, 10]), local_shape >> torch.Size([5, 10]), placements >> (Shard(dim=0),), target_shape=torch.Size([5, 10]), copy 50 elements from GPU → CPU at offset 0
2025-09-01 16:26:32 [Rank 0][get_offloaded_param] named >> layer1.weight, param >> DTensor(local_tensor=tensor([[ 0.2388,  0.0704, -0.0191, -0.2047, -0.0603,  0.0695,  0.2983, -0.2243,
         -0.0050, -0.2302],
        [-0.0447, -0.1165, -0.2177,  0.2659,  0.0461, -0.0850,  0.2329,  0.3118,
          0.1784,  0.2299],
        [ 0.2133,  0.3084, -0.1573,  0.0225, -0.0019,  0.2450, -0.1596,  0.0166,
          0.0596,  0.1580],
        [ 0.3139, -0.0039,  0.2406, -0.1602,  0.0389,  0.1264, -0.2532,  0.2455,
          0.0282,  0.0376],
        [-0.2654,  0.2871, -0.1281,  0.2115,  0.1905,  0.0848, -0.0933, -0.1374,
         -0.2413, -0.0768]], device='cuda:0'), device_mesh=DeviceMesh('cuda', [0, 1]), placements=(Shard(dim=0),)), param_shape=torch.Size([10, 10]), local_shape >> torch.Size([5, 10]), placements >> (Shard(dim=0),), target_shape=torch.Size([5, 10]), copy 50 elements from GPU → CPU at offset 0
2025-09-01 16:26:32 [Rank 1][get_offloaded_param] named >> layer2.weight, param >> DTensor(local_tensor=tensor([[ 0.0935, -0.2672,  0.0255,  0.1510, -0.0426, -0.3105, -0.0901, -0.0855,
         -0.2542,  0.0751],
        [ 0.2509, -0.1711,  0.0212,  0.2088,  0.0521, -0.3151,  0.1959,  0.0673,
         -0.3091,  0.0460],
        [-0.0724, -0.1528, -0.1943,  0.2035,  0.0574,  0.3113,  0.0829,  0.2844,
         -0.2485, -0.2525],
        [ 0.1694,  0.2988,  0.1992, -0.2602,  0.1523, -0.1463, -0.1906,  0.1966,
          0.0147,  0.1972],
        [ 0.2687,  0.2019,  0.2423,  0.2452, -0.3139,  0.1445,  0.1206, -0.0329,
         -0.1846,  0.2371]], device='cuda:1'), device_mesh=DeviceMesh('cuda', [0, 1]), placements=(Shard(dim=0),)), param_shape=torch.Size([10, 10]), local_shape >> torch.Size([5, 10]), placements >> (Shard(dim=0),), target_shape=torch.Size([5, 10]), copy 50 elements from GPU → CPU at offset 50
2025-09-01 16:26:32 [Rank 0][get_offloaded_param] named >> layer2.weight, param >> DTensor(local_tensor=tensor([[ 0.2689, -0.1359, -0.0009, -0.0511,  0.1990,  0.3089,  0.0129,  0.1761,
         -0.0681, -0.2859],
        [-0.1650,  0.0013, -0.1419, -0.0975, -0.3013, -0.2131,  0.3021,  0.2468,
          0.0212, -0.0985],
        [-0.0158,  0.2497,  0.0022,  0.0874, -0.0951, -0.2307, -0.0166,  0.2678,
          0.0757,  0.0962],
        [-0.2325,  0.1402, -0.0823, -0.1613,  0.2099,  0.2151,  0.0361,  0.0885,
         -0.0309, -0.1249],
        [-0.2331,  0.0561,  0.1634, -0.1141, -0.2313,  0.1659, -0.0211,  0.2992,
         -0.0579, -0.2150]], device='cuda:0'), device_mesh=DeviceMesh('cuda', [0, 1]), placements=(Shard(dim=0),)), param_shape=torch.Size([10, 10]), local_shape >> torch.Size([5, 10]), placements >> (Shard(dim=0),), target_shape=torch.Size([5, 10]), copy 50 elements from GPU → CPU at offset 50
2025-09-01 16:26:32 [Rank 1][get_offloaded_param] Offloaded params: [DTensor(local_tensor=tensor([[-1.0636e-01,  1.8355e-01, -2.5088e-01, -7.0079e-02, -9.9249e-02,
         -2.3392e-01, -2.3545e-01, -4.8674e-03, -2.8830e-01, -5.9150e-03],
        [-2.2345e-01,  6.8112e-02, -4.2776e-02, -1.7413e-01, -2.6602e-01,
          1.7701e-01,  3.6831e-02,  1.6850e-01,  1.4743e-04,  1.7237e-01],
        [-1.3132e-01,  1.1793e-01, -5.6186e-02,  2.8136e-01, -2.2240e-01,
         -1.6491e-01,  1.1791e-01, -1.8971e-02,  5.3516e-02, -2.5429e-01],
        [-1.3402e-02, -2.5754e-01, -7.1272e-02, -2.6001e-01, -1.5433e-01,
         -2.0884e-01, -3.0408e-01, -2.5476e-01, -5.1725e-02, -7.4704e-02],
        [-9.7159e-02, -2.3983e-01,  2.5564e-01,  2.6710e-01, -2.0545e-01,
         -2.0805e-01, -2.3512e-01,  1.7313e-01, -1.2471e-01,  2.2781e-01]]), device_mesh=DeviceMesh('cpu', [0, 1]), placements=(Shard(dim=0),)), DTensor(local_tensor=tensor([[ 0.0935, -0.2672,  0.0255,  0.1510, -0.0426, -0.3105, -0.0901, -0.0855,
         -0.2542,  0.0751],
        [ 0.2509, -0.1711,  0.0212,  0.2088,  0.0521, -0.3151,  0.1959,  0.0673,
         -0.3091,  0.0460],
        [-0.0724, -0.1528, -0.1943,  0.2035,  0.0574,  0.3113,  0.0829,  0.2844,
         -0.2485, -0.2525],
        [ 0.1694,  0.2988,  0.1992, -0.2602,  0.1523, -0.1463, -0.1906,  0.1966,
          0.0147,  0.1972],
        [ 0.2687,  0.2019,  0.2423,  0.2452, -0.3139,  0.1445,  0.1206, -0.0329,
         -0.1846,  0.2371]]), device_mesh=DeviceMesh('cpu', [0, 1]), placements=(Shard(dim=0),))]
2025-09-01 16:26:32 [Rank 0][get_offloaded_param] Offloaded params: [DTensor(local_tensor=tensor([[ 0.2388,  0.0704, -0.0191, -0.2047, -0.0603,  0.0695,  0.2983, -0.2243,
         -0.0050, -0.2302],
        [-0.0447, -0.1165, -0.2177,  0.2659,  0.0461, -0.0850,  0.2329,  0.3118,
          0.1784,  0.2299],
        [ 0.2133,  0.3084, -0.1573,  0.0225, -0.0019,  0.2450, -0.1596,  0.0166,
          0.0596,  0.1580],
        [ 0.3139, -0.0039,  0.2406, -0.1602,  0.0389,  0.1264, -0.2532,  0.2455,
          0.0282,  0.0376],
        [-0.2654,  0.2871, -0.1281,  0.2115,  0.1905,  0.0848, -0.0933, -0.1374,
         -0.2413, -0.0768]]), device_mesh=DeviceMesh('cpu', [0, 1]), placements=(Shard(dim=0),)), DTensor(local_tensor=tensor([[ 0.2689, -0.1359, -0.0009, -0.0511,  0.1990,  0.3089,  0.0129,  0.1761,
         -0.0681, -0.2859],
        [-0.1650,  0.0013, -0.1419, -0.0975, -0.3013, -0.2131,  0.3021,  0.2468,
          0.0212, -0.0985],
        [-0.0158,  0.2497,  0.0022,  0.0874, -0.0951, -0.2307, -0.0166,  0.2678,
          0.0757,  0.0962],
        [-0.2325,  0.1402, -0.0823, -0.1613,  0.2099,  0.2151,  0.0361,  0.0885,
         -0.0309, -0.1249],
        [-0.2331,  0.0561,  0.1634, -0.1141, -0.2313,  0.1659, -0.0211,  0.2992,
         -0.0579, -0.2150]]), device_mesh=DeviceMesh('cpu', [0, 1]), placements=(Shard(dim=0),))]
2025-09-01 16:26:32 [Rank 0][main] === Training setup done ===
