2025-09-01 18:22:46 [Rank 1][main] Model initialized on CPU, model info: TinyModel(
  (layer1): Linear(in_features=10, out_features=10, bias=False)
  (layer2): Linear(in_features=10, out_features=10, bias=False)
)
2025-09-01 18:22:46 [Rank 1][main] <named> >> layer1.weight, <param> >>
 Parameter containing:
tensor([[ 0.1703, -0.0310, -0.1543,  0.2519,  0.1298, -0.0318,  0.0378,  0.0487,
          0.1106, -0.1500],
        [-0.2587, -0.0598, -0.0033, -0.3127, -0.1962, -0.0372,  0.1326, -0.3130,
          0.0324, -0.2041],
        [-0.2486, -0.2280,  0.1264, -0.0473, -0.1721,  0.0704, -0.0642, -0.0238,
          0.2355, -0.0048],
        [ 0.1354, -0.1456,  0.1836, -0.1777, -0.2465, -0.1221,  0.2433,  0.2421,
          0.1387,  0.0534],
        [ 0.1665,  0.2049,  0.0340, -0.0856, -0.2753, -0.1923,  0.0357,  0.0898,
          0.2713, -0.0811],
        [-0.2269, -0.2641, -0.2981, -0.1866,  0.0657,  0.2773, -0.1656,  0.2455,
          0.2427,  0.0898],
        [-0.0612,  0.2056, -0.2771, -0.1288,  0.0272, -0.2701, -0.2653,  0.1028,
          0.3005,  0.2580],
        [ 0.1165, -0.2469,  0.2179,  0.2079,  0.2371,  0.2465,  0.2239, -0.0807,
         -0.0653,  0.1506],
        [ 0.1815, -0.2380,  0.2015, -0.1710, -0.2638, -0.0225, -0.2780,  0.2781,
          0.1211,  0.2742],
        [ 0.0180,  0.3035,  0.0151,  0.3036,  0.0589,  0.1451, -0.3020, -0.3011,
         -0.1800, -0.0924]], requires_grad=True),
 <param_shape> >> torch.Size([10, 10]), 
2025-09-01 18:22:46 [Rank 1][main] <named> >> layer2.weight, <param> >>
 Parameter containing:
tensor([[-0.1442,  0.2898, -0.2528,  0.1869, -0.2474, -0.1978, -0.1961,  0.0739,
         -0.0391,  0.1028],
        [-0.1408,  0.2004,  0.2200,  0.2028,  0.0613, -0.1102,  0.2152,  0.0854,
          0.0646,  0.0071],
        [-0.1188,  0.1701,  0.3022, -0.0296,  0.1770, -0.0061, -0.1505, -0.2670,
          0.2604, -0.0820],
        [-0.2313,  0.0605, -0.2214,  0.1047,  0.2655,  0.0400, -0.1341,  0.2477,
          0.2249,  0.1366],
        [ 0.0114, -0.1207,  0.2310,  0.1377, -0.0471, -0.2151,  0.2298, -0.0905,
          0.0902, -0.0954],
        [ 0.2491,  0.2377,  0.2846,  0.1574,  0.2855, -0.0473,  0.1781, -0.2277,
          0.2306,  0.2828],
        [ 0.0736,  0.1058,  0.1902, -0.2166,  0.3023,  0.2837, -0.1058,  0.0343,
         -0.2562, -0.1580],
        [-0.0575, -0.3006,  0.1466,  0.3002, -0.0511, -0.1869, -0.1255, -0.2706,
          0.0318,  0.2277],
        [ 0.2993, -0.2860, -0.1328, -0.0505,  0.1374, -0.1323,  0.1851, -0.2443,
          0.1765, -0.0913],
        [-0.3078,  0.1144,  0.0303,  0.1444,  0.1038, -0.0910,  0.1953, -0.3155,
          0.0797,  0.3059]], requires_grad=True),
 <param_shape> >> torch.Size([10, 10]), 
2025-09-01 18:22:46 [Rank 1][main] Model sharded on CUDA, model info: FSDPTinyModel(
  (layer1): FSDPLinear(in_features=10, out_features=10, bias=False)
  (layer2): FSDPLinear(in_features=10, out_features=10, bias=False)
)
2025-09-01 18:22:47 [Rank 1][main] <named> >> layer1.weight, <param> >>
 DTensor(local_tensor=tensor([[-0.2269, -0.2641, -0.2981, -0.1866,  0.0657,  0.2773, -0.1656,  0.2455,
          0.2427,  0.0898],
        [-0.0612,  0.2056, -0.2771, -0.1288,  0.0272, -0.2701, -0.2653,  0.1028,
          0.3005,  0.2580],
        [ 0.1165, -0.2469,  0.2179,  0.2079,  0.2371,  0.2465,  0.2239, -0.0807,
         -0.0653,  0.1506],
        [ 0.1815, -0.2380,  0.2015, -0.1710, -0.2638, -0.0225, -0.2780,  0.2781,
          0.1211,  0.2742],
        [ 0.0180,  0.3035,  0.0151,  0.3036,  0.0589,  0.1451, -0.3020, -0.3011,
         -0.1800, -0.0924]], device='cuda:1'), device_mesh=DeviceMesh('cuda', [0, 1]), placements=(Shard(dim=0),)),
 <param_shape> >> torch.Size([10, 10]), <local_shape> >> torch.Size([5, 10]), <placements> >> (Shard(dim=0),)
2025-09-01 18:22:47 [Rank 1][main] <named> >> layer2.weight, <param> >>
 DTensor(local_tensor=tensor([[ 0.2491,  0.2377,  0.2846,  0.1574,  0.2855, -0.0473,  0.1781, -0.2277,
          0.2306,  0.2828],
        [ 0.0736,  0.1058,  0.1902, -0.2166,  0.3023,  0.2837, -0.1058,  0.0343,
         -0.2562, -0.1580],
        [-0.0575, -0.3006,  0.1466,  0.3002, -0.0511, -0.1869, -0.1255, -0.2706,
          0.0318,  0.2277],
        [ 0.2993, -0.2860, -0.1328, -0.0505,  0.1374, -0.1323,  0.1851, -0.2443,
          0.1765, -0.0913],
        [-0.3078,  0.1144,  0.0303,  0.1444,  0.1038, -0.0910,  0.1953, -0.3155,
          0.0797,  0.3059]], device='cuda:1'), device_mesh=DeviceMesh('cuda', [0, 1]), placements=(Shard(dim=0),)),
 <param_shape> >> torch.Size([10, 10]), <local_shape> >> torch.Size([5, 10]), <placements> >> (Shard(dim=0),)
2025-09-01 18:22:47 [Rank 1][get_offloaded_param] Offloading model parameters..., model info: FSDPTinyModel(
  (layer1): FSDPLinear(in_features=10, out_features=10, bias=False)
  (layer2): FSDPLinear(in_features=10, out_features=10, bias=False)
)
2025-09-01 18:22:47 [Rank 1][get_offloaded_param] <named> >> layer1.weight, <param> >>
 DTensor(local_tensor=tensor([[-0.2269, -0.2641, -0.2981, -0.1866,  0.0657,  0.2773, -0.1656,  0.2455,
          0.2427,  0.0898],
        [-0.0612,  0.2056, -0.2771, -0.1288,  0.0272, -0.2701, -0.2653,  0.1028,
          0.3005,  0.2580],
        [ 0.1165, -0.2469,  0.2179,  0.2079,  0.2371,  0.2465,  0.2239, -0.0807,
         -0.0653,  0.1506],
        [ 0.1815, -0.2380,  0.2015, -0.1710, -0.2638, -0.0225, -0.2780,  0.2781,
          0.1211,  0.2742],
        [ 0.0180,  0.3035,  0.0151,  0.3036,  0.0589,  0.1451, -0.3020, -0.3011,
         -0.1800, -0.0924]], device='cuda:1'), device_mesh=DeviceMesh('cuda', [0, 1]), placements=(Shard(dim=0),)),
 <local_shape> >> torch.Size([5, 10]), <placements> >> (Shard(dim=0),)
2025-09-01 18:22:47 [Rank 1][get_offloaded_param] <named> >> layer2.weight, <param> >>
 DTensor(local_tensor=tensor([[ 0.2491,  0.2377,  0.2846,  0.1574,  0.2855, -0.0473,  0.1781, -0.2277,
          0.2306,  0.2828],
        [ 0.0736,  0.1058,  0.1902, -0.2166,  0.3023,  0.2837, -0.1058,  0.0343,
         -0.2562, -0.1580],
        [-0.0575, -0.3006,  0.1466,  0.3002, -0.0511, -0.1869, -0.1255, -0.2706,
          0.0318,  0.2277],
        [ 0.2993, -0.2860, -0.1328, -0.0505,  0.1374, -0.1323,  0.1851, -0.2443,
          0.1765, -0.0913],
        [-0.3078,  0.1144,  0.0303,  0.1444,  0.1038, -0.0910,  0.1953, -0.3155,
          0.0797,  0.3059]], device='cuda:1'), device_mesh=DeviceMesh('cuda', [0, 1]), placements=(Shard(dim=0),)),
 <local_shape> >> torch.Size([5, 10]), <placements> >> (Shard(dim=0),)
2025-09-01 18:22:47 [Rank 1][get_offloaded_param] Model param items: [('layer1.weight', DTensor(local_tensor=tensor([[-0.2269, -0.2641, -0.2981, -0.1866,  0.0657,  0.2773, -0.1656,  0.2455,
          0.2427,  0.0898],
        [-0.0612,  0.2056, -0.2771, -0.1288,  0.0272, -0.2701, -0.2653,  0.1028,
          0.3005,  0.2580],
        [ 0.1165, -0.2469,  0.2179,  0.2079,  0.2371,  0.2465,  0.2239, -0.0807,
         -0.0653,  0.1506],
        [ 0.1815, -0.2380,  0.2015, -0.1710, -0.2638, -0.0225, -0.2780,  0.2781,
          0.1211,  0.2742],
        [ 0.0180,  0.3035,  0.0151,  0.3036,  0.0589,  0.1451, -0.3020, -0.3011,
         -0.1800, -0.0924]], device='cuda:1'), device_mesh=DeviceMesh('cuda', [0, 1]), placements=(Shard(dim=0),))), ('layer2.weight', DTensor(local_tensor=tensor([[ 0.2491,  0.2377,  0.2846,  0.1574,  0.2855, -0.0473,  0.1781, -0.2277,
          0.2306,  0.2828],
        [ 0.0736,  0.1058,  0.1902, -0.2166,  0.3023,  0.2837, -0.1058,  0.0343,
         -0.2562, -0.1580],
        [-0.0575, -0.3006,  0.1466,  0.3002, -0.0511, -0.1869, -0.1255, -0.2706,
          0.0318,  0.2277],
        [ 0.2993, -0.2860, -0.1328, -0.0505,  0.1374, -0.1323,  0.1851, -0.2443,
          0.1765, -0.0913],
        [-0.3078,  0.1144,  0.0303,  0.1444,  0.1038, -0.0910,  0.1953, -0.3155,
          0.0797,  0.3059]], device='cuda:1'), device_mesh=DeviceMesh('cuda', [0, 1]), placements=(Shard(dim=0),)))]
2025-09-01 18:22:47 [Rank 1][get_offloaded_param] <named> >> layer1.weight, <param> >>
 DTensor(local_tensor=tensor([[-0.2269, -0.2641, -0.2981, -0.1866,  0.0657,  0.2773, -0.1656,  0.2455,
          0.2427,  0.0898],
        [-0.0612,  0.2056, -0.2771, -0.1288,  0.0272, -0.2701, -0.2653,  0.1028,
          0.3005,  0.2580],
        [ 0.1165, -0.2469,  0.2179,  0.2079,  0.2371,  0.2465,  0.2239, -0.0807,
         -0.0653,  0.1506],
        [ 0.1815, -0.2380,  0.2015, -0.1710, -0.2638, -0.0225, -0.2780,  0.2781,
          0.1211,  0.2742],
        [ 0.0180,  0.3035,  0.0151,  0.3036,  0.0589,  0.1451, -0.3020, -0.3011,
         -0.1800, -0.0924]], device='cuda:1'), device_mesh=DeviceMesh('cuda', [0, 1]), placements=(Shard(dim=0),)),
 <param_shape> >> torch.Size([10, 10]), <local_shape> >> torch.Size([5, 10]), <placements> >> (Shard(dim=0),), <target_shape> >> torch.Size([5, 10]), copy 50 elements from GPU → CPU at offset 0
2025-09-01 18:22:47 [Rank 1][get_offloaded_param] <named> >> layer2.weight, <param> >>
 DTensor(local_tensor=tensor([[ 0.2491,  0.2377,  0.2846,  0.1574,  0.2855, -0.0473,  0.1781, -0.2277,
          0.2306,  0.2828],
        [ 0.0736,  0.1058,  0.1902, -0.2166,  0.3023,  0.2837, -0.1058,  0.0343,
         -0.2562, -0.1580],
        [-0.0575, -0.3006,  0.1466,  0.3002, -0.0511, -0.1869, -0.1255, -0.2706,
          0.0318,  0.2277],
        [ 0.2993, -0.2860, -0.1328, -0.0505,  0.1374, -0.1323,  0.1851, -0.2443,
          0.1765, -0.0913],
        [-0.3078,  0.1144,  0.0303,  0.1444,  0.1038, -0.0910,  0.1953, -0.3155,
          0.0797,  0.3059]], device='cuda:1'), device_mesh=DeviceMesh('cuda', [0, 1]), placements=(Shard(dim=0),)),
 <param_shape> >> torch.Size([10, 10]), <local_shape> >> torch.Size([5, 10]), <placements> >> (Shard(dim=0),), <target_shape> >> torch.Size([5, 10]), copy 50 elements from GPU → CPU at offset 50
2025-09-01 18:22:47 [Rank 1][get_offloaded_param] Offloaded params: [DTensor(local_tensor=tensor([[-0.2269, -0.2641, -0.2981, -0.1866,  0.0657,  0.2773, -0.1656,  0.2455,
          0.2427,  0.0898],
        [-0.0612,  0.2056, -0.2771, -0.1288,  0.0272, -0.2701, -0.2653,  0.1028,
          0.3005,  0.2580],
        [ 0.1165, -0.2469,  0.2179,  0.2079,  0.2371,  0.2465,  0.2239, -0.0807,
         -0.0653,  0.1506],
        [ 0.1815, -0.2380,  0.2015, -0.1710, -0.2638, -0.0225, -0.2780,  0.2781,
          0.1211,  0.2742],
        [ 0.0180,  0.3035,  0.0151,  0.3036,  0.0589,  0.1451, -0.3020, -0.3011,
         -0.1800, -0.0924]]), device_mesh=DeviceMesh('cpu', [0, 1]), placements=(Shard(dim=0),)), DTensor(local_tensor=tensor([[ 0.2491,  0.2377,  0.2846,  0.1574,  0.2855, -0.0473,  0.1781, -0.2277,
          0.2306,  0.2828],
        [ 0.0736,  0.1058,  0.1902, -0.2166,  0.3023,  0.2837, -0.1058,  0.0343,
         -0.2562, -0.1580],
        [-0.0575, -0.3006,  0.1466,  0.3002, -0.0511, -0.1869, -0.1255, -0.2706,
          0.0318,  0.2277],
        [ 0.2993, -0.2860, -0.1328, -0.0505,  0.1374, -0.1323,  0.1851, -0.2443,
          0.1765, -0.0913],
        [-0.3078,  0.1144,  0.0303,  0.1444,  0.1038, -0.0910,  0.1953, -0.3155,
          0.0797,  0.3059]]), device_mesh=DeviceMesh('cpu', [0, 1]), placements=(Shard(dim=0),))]
