2025-09-01 18:22:46 [Rank 0][main] Model initialized on CPU, model info: TinyModel(
  (layer1): Linear(in_features=10, out_features=10, bias=False)
  (layer2): Linear(in_features=10, out_features=10, bias=False)
)
2025-09-01 18:22:46 [Rank 0][main] <named> >> layer1.weight, <param> >>
 Parameter containing:
tensor([[-0.1693, -0.1343, -0.0712,  0.0916, -0.1743, -0.0662, -0.2849,  0.2009,
          0.0378,  0.0405],
        [-0.0468, -0.0010, -0.1343,  0.1806, -0.1743, -0.0525, -0.2084, -0.0259,
         -0.0964, -0.3131],
        [ 0.0256, -0.0666, -0.1885,  0.2770,  0.1862, -0.1709, -0.1046,  0.2337,
         -0.0509,  0.1130],
        [-0.2403,  0.0878, -0.3141, -0.1002,  0.2696, -0.2834,  0.3162,  0.2392,
         -0.2101, -0.3038],
        [-0.2990, -0.1416,  0.0473, -0.2412, -0.1508, -0.1141, -0.2181,  0.0724,
         -0.0034, -0.2574],
        [-0.2322, -0.2763,  0.1602, -0.1159, -0.2716, -0.1047,  0.0480, -0.2881,
          0.3050,  0.2304],
        [-0.0826,  0.0091, -0.1452, -0.1463, -0.3119,  0.0558, -0.1938, -0.2560,
         -0.1847, -0.1350],
        [-0.3150,  0.1489,  0.1668, -0.1345,  0.0449, -0.3110, -0.2052,  0.0898,
          0.2417, -0.1301],
        [ 0.0421, -0.0814,  0.2862, -0.1191, -0.1693, -0.2291,  0.1090, -0.3052,
          0.1050,  0.0882],
        [ 0.2313,  0.2893, -0.0053, -0.1258,  0.1293,  0.1249, -0.2014,  0.1887,
         -0.2371,  0.1191]], requires_grad=True),
 <param_shape> >> torch.Size([10, 10]), 
2025-09-01 18:22:46 [Rank 0][main] <named> >> layer2.weight, <param> >>
 Parameter containing:
tensor([[ 0.2941,  0.2745, -0.0958, -0.1099, -0.1162, -0.0347,  0.2305, -0.2981,
         -0.2372, -0.1688],
        [ 0.3127,  0.0324,  0.2380, -0.2336, -0.1043,  0.2484,  0.1630, -0.0115,
          0.0158,  0.1550],
        [ 0.0485,  0.2152, -0.0886,  0.0706, -0.1446, -0.0983, -0.1452, -0.2141,
         -0.0190, -0.2807],
        [ 0.2205,  0.1720, -0.0264, -0.0126, -0.0439,  0.1530,  0.0162, -0.0413,
          0.3003, -0.2896],
        [-0.3042,  0.2587,  0.2268,  0.0853,  0.2031, -0.3123,  0.2785,  0.0117,
          0.0537, -0.0192],
        [-0.1496, -0.3005, -0.2545,  0.1702,  0.1529, -0.1575,  0.1993,  0.0175,
         -0.2066,  0.2457],
        [ 0.0771,  0.1484, -0.0076,  0.0156, -0.1285, -0.0707, -0.1355, -0.2334,
         -0.1063,  0.1052],
        [-0.0798,  0.0271, -0.2031, -0.0811, -0.1107, -0.3144,  0.1384,  0.2903,
         -0.0855, -0.2356],
        [ 0.2839, -0.1641, -0.2850, -0.2307,  0.1101, -0.1852, -0.0374, -0.2831,
         -0.0571,  0.0897],
        [ 0.0063, -0.1223, -0.2272,  0.2450, -0.2061,  0.0254,  0.3127,  0.0641,
          0.0501, -0.2985]], requires_grad=True),
 <param_shape> >> torch.Size([10, 10]), 
2025-09-01 18:22:46 [Rank 0][main] Model sharded on CUDA, model info: FSDPTinyModel(
  (layer1): FSDPLinear(in_features=10, out_features=10, bias=False)
  (layer2): FSDPLinear(in_features=10, out_features=10, bias=False)
)
2025-09-01 18:22:47 [Rank 0][main] <named> >> layer1.weight, <param> >>
 DTensor(local_tensor=tensor([[-0.1693, -0.1343, -0.0712,  0.0916, -0.1743, -0.0662, -0.2849,  0.2009,
          0.0378,  0.0405],
        [-0.0468, -0.0010, -0.1343,  0.1806, -0.1743, -0.0525, -0.2084, -0.0259,
         -0.0964, -0.3131],
        [ 0.0256, -0.0666, -0.1885,  0.2770,  0.1862, -0.1709, -0.1046,  0.2337,
         -0.0509,  0.1130],
        [-0.2403,  0.0878, -0.3141, -0.1002,  0.2696, -0.2834,  0.3162,  0.2392,
         -0.2101, -0.3038],
        [-0.2990, -0.1416,  0.0473, -0.2412, -0.1508, -0.1141, -0.2181,  0.0724,
         -0.0034, -0.2574]], device='cuda:0'), device_mesh=DeviceMesh('cuda', [0, 1]), placements=(Shard(dim=0),)),
 <param_shape> >> torch.Size([10, 10]), <local_shape> >> torch.Size([5, 10]), <placements> >> (Shard(dim=0),)
2025-09-01 18:22:47 [Rank 0][main] <named> >> layer2.weight, <param> >>
 DTensor(local_tensor=tensor([[ 0.2941,  0.2745, -0.0958, -0.1099, -0.1162, -0.0347,  0.2305, -0.2981,
         -0.2372, -0.1688],
        [ 0.3127,  0.0324,  0.2380, -0.2336, -0.1043,  0.2484,  0.1630, -0.0115,
          0.0158,  0.1550],
        [ 0.0485,  0.2152, -0.0886,  0.0706, -0.1446, -0.0983, -0.1452, -0.2141,
         -0.0190, -0.2807],
        [ 0.2205,  0.1720, -0.0264, -0.0126, -0.0439,  0.1530,  0.0162, -0.0413,
          0.3003, -0.2896],
        [-0.3042,  0.2587,  0.2268,  0.0853,  0.2031, -0.3123,  0.2785,  0.0117,
          0.0537, -0.0192]], device='cuda:0'), device_mesh=DeviceMesh('cuda', [0, 1]), placements=(Shard(dim=0),)),
 <param_shape> >> torch.Size([10, 10]), <local_shape> >> torch.Size([5, 10]), <placements> >> (Shard(dim=0),)
2025-09-01 18:22:47 [Rank 0][get_offloaded_param] Offloading model parameters..., model info: FSDPTinyModel(
  (layer1): FSDPLinear(in_features=10, out_features=10, bias=False)
  (layer2): FSDPLinear(in_features=10, out_features=10, bias=False)
)
2025-09-01 18:22:47 [Rank 0][get_offloaded_param] <named> >> layer1.weight, <param> >>
 DTensor(local_tensor=tensor([[-0.1693, -0.1343, -0.0712,  0.0916, -0.1743, -0.0662, -0.2849,  0.2009,
          0.0378,  0.0405],
        [-0.0468, -0.0010, -0.1343,  0.1806, -0.1743, -0.0525, -0.2084, -0.0259,
         -0.0964, -0.3131],
        [ 0.0256, -0.0666, -0.1885,  0.2770,  0.1862, -0.1709, -0.1046,  0.2337,
         -0.0509,  0.1130],
        [-0.2403,  0.0878, -0.3141, -0.1002,  0.2696, -0.2834,  0.3162,  0.2392,
         -0.2101, -0.3038],
        [-0.2990, -0.1416,  0.0473, -0.2412, -0.1508, -0.1141, -0.2181,  0.0724,
         -0.0034, -0.2574]], device='cuda:0'), device_mesh=DeviceMesh('cuda', [0, 1]), placements=(Shard(dim=0),)),
 <local_shape> >> torch.Size([5, 10]), <placements> >> (Shard(dim=0),)
2025-09-01 18:22:47 [Rank 0][get_offloaded_param] <named> >> layer2.weight, <param> >>
 DTensor(local_tensor=tensor([[ 0.2941,  0.2745, -0.0958, -0.1099, -0.1162, -0.0347,  0.2305, -0.2981,
         -0.2372, -0.1688],
        [ 0.3127,  0.0324,  0.2380, -0.2336, -0.1043,  0.2484,  0.1630, -0.0115,
          0.0158,  0.1550],
        [ 0.0485,  0.2152, -0.0886,  0.0706, -0.1446, -0.0983, -0.1452, -0.2141,
         -0.0190, -0.2807],
        [ 0.2205,  0.1720, -0.0264, -0.0126, -0.0439,  0.1530,  0.0162, -0.0413,
          0.3003, -0.2896],
        [-0.3042,  0.2587,  0.2268,  0.0853,  0.2031, -0.3123,  0.2785,  0.0117,
          0.0537, -0.0192]], device='cuda:0'), device_mesh=DeviceMesh('cuda', [0, 1]), placements=(Shard(dim=0),)),
 <local_shape> >> torch.Size([5, 10]), <placements> >> (Shard(dim=0),)
2025-09-01 18:22:47 [Rank 0][get_offloaded_param] Model param items: [('layer1.weight', DTensor(local_tensor=tensor([[-0.1693, -0.1343, -0.0712,  0.0916, -0.1743, -0.0662, -0.2849,  0.2009,
          0.0378,  0.0405],
        [-0.0468, -0.0010, -0.1343,  0.1806, -0.1743, -0.0525, -0.2084, -0.0259,
         -0.0964, -0.3131],
        [ 0.0256, -0.0666, -0.1885,  0.2770,  0.1862, -0.1709, -0.1046,  0.2337,
         -0.0509,  0.1130],
        [-0.2403,  0.0878, -0.3141, -0.1002,  0.2696, -0.2834,  0.3162,  0.2392,
         -0.2101, -0.3038],
        [-0.2990, -0.1416,  0.0473, -0.2412, -0.1508, -0.1141, -0.2181,  0.0724,
         -0.0034, -0.2574]], device='cuda:0'), device_mesh=DeviceMesh('cuda', [0, 1]), placements=(Shard(dim=0),))), ('layer2.weight', DTensor(local_tensor=tensor([[ 0.2941,  0.2745, -0.0958, -0.1099, -0.1162, -0.0347,  0.2305, -0.2981,
         -0.2372, -0.1688],
        [ 0.3127,  0.0324,  0.2380, -0.2336, -0.1043,  0.2484,  0.1630, -0.0115,
          0.0158,  0.1550],
        [ 0.0485,  0.2152, -0.0886,  0.0706, -0.1446, -0.0983, -0.1452, -0.2141,
         -0.0190, -0.2807],
        [ 0.2205,  0.1720, -0.0264, -0.0126, -0.0439,  0.1530,  0.0162, -0.0413,
          0.3003, -0.2896],
        [-0.3042,  0.2587,  0.2268,  0.0853,  0.2031, -0.3123,  0.2785,  0.0117,
          0.0537, -0.0192]], device='cuda:0'), device_mesh=DeviceMesh('cuda', [0, 1]), placements=(Shard(dim=0),)))]
2025-09-01 18:22:47 [Rank 0][get_offloaded_param] <named> >> layer1.weight, <param> >>
 DTensor(local_tensor=tensor([[-0.1693, -0.1343, -0.0712,  0.0916, -0.1743, -0.0662, -0.2849,  0.2009,
          0.0378,  0.0405],
        [-0.0468, -0.0010, -0.1343,  0.1806, -0.1743, -0.0525, -0.2084, -0.0259,
         -0.0964, -0.3131],
        [ 0.0256, -0.0666, -0.1885,  0.2770,  0.1862, -0.1709, -0.1046,  0.2337,
         -0.0509,  0.1130],
        [-0.2403,  0.0878, -0.3141, -0.1002,  0.2696, -0.2834,  0.3162,  0.2392,
         -0.2101, -0.3038],
        [-0.2990, -0.1416,  0.0473, -0.2412, -0.1508, -0.1141, -0.2181,  0.0724,
         -0.0034, -0.2574]], device='cuda:0'), device_mesh=DeviceMesh('cuda', [0, 1]), placements=(Shard(dim=0),)),
 <param_shape> >> torch.Size([10, 10]), <local_shape> >> torch.Size([5, 10]), <placements> >> (Shard(dim=0),), <target_shape> >> torch.Size([5, 10]), copy 50 elements from GPU → CPU at offset 0
2025-09-01 18:22:47 [Rank 0][get_offloaded_param] <named> >> layer2.weight, <param> >>
 DTensor(local_tensor=tensor([[ 0.2941,  0.2745, -0.0958, -0.1099, -0.1162, -0.0347,  0.2305, -0.2981,
         -0.2372, -0.1688],
        [ 0.3127,  0.0324,  0.2380, -0.2336, -0.1043,  0.2484,  0.1630, -0.0115,
          0.0158,  0.1550],
        [ 0.0485,  0.2152, -0.0886,  0.0706, -0.1446, -0.0983, -0.1452, -0.2141,
         -0.0190, -0.2807],
        [ 0.2205,  0.1720, -0.0264, -0.0126, -0.0439,  0.1530,  0.0162, -0.0413,
          0.3003, -0.2896],
        [-0.3042,  0.2587,  0.2268,  0.0853,  0.2031, -0.3123,  0.2785,  0.0117,
          0.0537, -0.0192]], device='cuda:0'), device_mesh=DeviceMesh('cuda', [0, 1]), placements=(Shard(dim=0),)),
 <param_shape> >> torch.Size([10, 10]), <local_shape> >> torch.Size([5, 10]), <placements> >> (Shard(dim=0),), <target_shape> >> torch.Size([5, 10]), copy 50 elements from GPU → CPU at offset 50
2025-09-01 18:22:47 [Rank 0][get_offloaded_param] Offloaded params: [DTensor(local_tensor=tensor([[-0.1693, -0.1343, -0.0712,  0.0916, -0.1743, -0.0662, -0.2849,  0.2009,
          0.0378,  0.0405],
        [-0.0468, -0.0010, -0.1343,  0.1806, -0.1743, -0.0525, -0.2084, -0.0259,
         -0.0964, -0.3131],
        [ 0.0256, -0.0666, -0.1885,  0.2770,  0.1862, -0.1709, -0.1046,  0.2337,
         -0.0509,  0.1130],
        [-0.2403,  0.0878, -0.3141, -0.1002,  0.2696, -0.2834,  0.3162,  0.2392,
         -0.2101, -0.3038],
        [-0.2990, -0.1416,  0.0473, -0.2412, -0.1508, -0.1141, -0.2181,  0.0724,
         -0.0034, -0.2574]]), device_mesh=DeviceMesh('cpu', [0, 1]), placements=(Shard(dim=0),)), DTensor(local_tensor=tensor([[ 0.2941,  0.2745, -0.0958, -0.1099, -0.1162, -0.0347,  0.2305, -0.2981,
         -0.2372, -0.1688],
        [ 0.3127,  0.0324,  0.2380, -0.2336, -0.1043,  0.2484,  0.1630, -0.0115,
          0.0158,  0.1550],
        [ 0.0485,  0.2152, -0.0886,  0.0706, -0.1446, -0.0983, -0.1452, -0.2141,
         -0.0190, -0.2807],
        [ 0.2205,  0.1720, -0.0264, -0.0126, -0.0439,  0.1530,  0.0162, -0.0413,
          0.3003, -0.2896],
        [-0.3042,  0.2587,  0.2268,  0.0853,  0.2031, -0.3123,  0.2785,  0.0117,
          0.0537, -0.0192]]), device_mesh=DeviceMesh('cpu', [0, 1]), placements=(Shard(dim=0),))]
2025-09-01 18:22:47 [Rank 0][main] === Training setup done ===
